2025-07-22 08:35:42.787  2522-5592  TimelineCrawlerWorker   com.testapp.bluesky_api_test         D  Empty post content. Post type: app.bsky.feed.post, URI: at://did:plc:liqa5jzb42hdrksxdo36qitn/app.bsky.feed.post/3lsnxm3o47q2h
2025-07-22 08:35:42.791  2522-5592  TimelineCrawlerWorker   com.testapp.bluesky_api_test         D  Empty post content. Post type: app.bsky.feed.post, URI: at://did:plc:liqa5jzb42hdrksxdo36qitn/app.bsky.feed.post/3lsnxlyghhe2t
2025-07-22 08:35:42.814  2522-5592  TimelineCrawlerWorker   com.testapp.bluesky_api_test         D  Empty post content. Post type: app.bsky.feed.post, URI: at://did:plc:liqa5jzb42hdrksxdo36qitn/app.bsky.feed.post/3lsnrabc3gq2k
2025-07-22 08:35:42.820  2522-5592  TimelineCrawlerWorker   com.testapp.bluesky_api_test         D  Empty post content. Post type: app.bsky.feed.post, URI: at://did:plc:liqa5jzb42hdrksxdo36qitn/app.bsky.feed.post/3lsno2eusry2e
2025-07-22 08:35:42.829  2522-5592  TimelineCrawlerWorker   com.testapp.bluesky_api_test         D  Empty post content. Post type: app.bsky.feed.post, URI: at://did:plc:liqa5jzb42hdrksxdo36qitn/app.bsky.feed.post/3lsno2d3hqg2t
2025-07-22 08:35:42.832  2522-5592  TimelineCrawlerWorker   com.testapp.bluesky_api_test         D  Empty post content. Post type: app.bsky.feed.post, URI: at://did:plc:liqa5jzb42hdrksxdo36qitn/app.bsky.feed.post/3lsnkug5vv42o
2025-07-22 08:35:42.834  2522-5592  TimelineCrawlerWorker   com.testapp.bluesky_api_test         D  Empty post content. Post type: app.bsky.feed.post, URI: at://did:plc:liqa5jzb42hdrksxdo36qitn/app.bsky.feed.post/3lsnkuaxe742e
2025-07-22 08:35:42.857  2522-5592  TimelineCrawlerWorker   com.testapp.bluesky_api_test         D  Empty post content. Post type: app.bsky.feed.post, URI: at://did:plc:liqa5jzb42hdrksxdo36qitn/app.bsky.feed.post/3lsnhoi6rcl2z
2025-07-22 08:35:42.917  2522-5592  TimelineCrawlerWorker   com.testapp.bluesky_api_test         D  Empty post content. Post type: app.bsky.feed.post, URI: at://did:plc:liqa5jzb42hdrksxdo36qitn/app.bsky.feed.post/3lsneimddf62o
2025-07-22 08:35:42.932  2522-5592  TimelineCrawlerWorker   com.testapp.bluesky_api_test         D  Empty post content. Post type: app.bsky.feed.post, URI: at://did:plc:liqa5jzb42hdrksxdo36qitn/app.bsky.feed.post/3lsneikezg22z
2025-07-22 08:35:42.946  2522-5592  TimelineCrawlerWorker   com.testapp.bluesky_api_test         D  Empty post content. Post type: app.bsky.feed.post, URI: at://did:plc:liqa5jzb42hdrksxdo36qitn/app.bsky.feed.post/3lsnbcoc3k42t
2025-07-22 08:35:42.981  2522-5592  TimelineCrawlerWorker   com.testapp.bluesky_api_test         D  Empty post content. Post type: app.bsky.feed.post, URI: at://did:plc:liqa5jzb42hdrksxdo36qitn/app.bsky.feed.post/3lsn64owmbz25
2025-07-22 08:35:43.022  2522-2522  ImeTracker              com.testapp.bluesky_api_test         I  com.testapp.bluesky_api_test:6daf0a7a: onShown
2025-07-22 08:35:43.031  2522-5592  TimelineCrawlerWorker   com.testapp.bluesky_api_test         D  Empty post content. Post type: app.bsky.feed.post, URI: at://did:plc:liqa5jzb42hdrksxdo36qitn/app.bsky.feed.post/3lsn2wtfk5l2v
2025-07-22 08:35:43.048  2522-5592  TimelineCrawlerWorker   com.testapp.bluesky_api_test         D  Empty post content. Post type: app.bsky.feed.post, URI: at://did:plc:liqa5jzb42hdrksxdo36qitn/app.bsky.feed.post/3lsn2wrmv4q2h
2025-07-22 08:35:43.053  2522-5592  TimelineCrawlerWorker   com.testapp.bluesky_api_test         D  Empty post content. Post type: app.bsky.feed.post, URI: at://did:plc:liqa5jzb42hdrksxdo36qitn/app.bsky.feed.post/3lsmxqvubtv2z
2025-07-22 08:35:43.062  2522-5592  TimelineCrawlerWorker   com.testapp.bluesky_api_test         D  Empty post content. Post type: app.bsky.feed.post, URI: at://did:plc:liqa5jzb42hdrksxdo36qitn/app.bsky.feed.post/3lsmukwnltx2s
2025-07-22 08:35:43.076  2522-5592  TimelineCrawlerWorker   com.testapp.bluesky_api_test         D  Empty post content. Post type: app.bsky.feed.post, URI: at://did:plc:liqa5jzb42hdrksxdo36qitn/app.bsky.feed.post/3lsmreyjov52x
2025-07-22 08:35:43.084  2522-5592  TimelineCrawlerWorker   com.testapp.bluesky_api_test         D  Empty post content. Post type: app.bsky.feed.post, URI: at://did:plc:liqa5jzb42hdrksxdo36qitn/app.bsky.feed.post/3lsmretn2kb2t
2025-07-22 08:35:43.089  2522-5592  TimelineCrawlerWorker   com.testapp.bluesky_api_test         D  Empty post content. Post type: app.bsky.feed.post, URI: at://did:plc:liqa5jzb42hdrksxdo36qitn/app.bsky.feed.post/3lslupmsjme2z
2025-07-22 08:35:43.128  2522-5592  TimelineCrawlerWorker   com.testapp.bluesky_api_test         D  Empty post content. Post type: app.bsky.feed.post, URI: at://did:plc:liqa5jzb42hdrksxdo36qitn/app.bsky.feed.post/3lslrjqm5g62p
2025-07-22 08:35:43.135  2522-5592  TimelineCrawlerWorker   com.testapp.bluesky_api_test         D  Empty post content. Post type: app.bsky.feed.post, URI: at://did:plc:liqa5jzb42hdrksxdo36qitn/app.bsky.feed.post/3lslrjlud3z2h
2025-07-22 08:35:43.144  2522-5592  TimelineCrawlerWorker   com.testapp.bluesky_api_test         D  Empty post content. Post type: app.bsky.feed.post, URI: at://did:plc:liqa5jzb42hdrksxdo36qitn/app.bsky.feed.post/3lslodxj7ss23
2025-07-22 08:35:43.148  2522-5592  TimelineCrawlerWorker   com.testapp.bluesky_api_test         D  Empty post content. Post type: app.bsky.feed.post, URI: at://did:plc:liqa5jzb42hdrksxdo36qitn/app.bsky.feed.post/3lslodv5kfv2z
2025-07-22 08:35:43.154  2522-5592  TimelineCrawlerWorker   com.testapp.bluesky_api_test         D  Empty post content. Post type: app.bsky.feed.post, URI: at://did:plc:liqa5jzb42hdrksxdo36qitn/app.bsky.feed.post/3lslodst6w42p
2025-07-22 08:35:43.179  2522-5592  TimelineCrawlerWorker   com.testapp.bluesky_api_test         D  Empty post content. Post type: app.bsky.feed.post, URI: at://did:plc:liqa5jzb42hdrksxdo36qitn/app.bsky.feed.post/3lsll642amx2x
2025-07-22 08:35:43.190  2522-5592  TimelineCrawlerWorker   com.testapp.bluesky_api_test         D  Empty post content. Post type: app.bsky.feed.post, URI: at://did:plc:liqa5jzb42hdrksxdo36qitn/app.bsky.feed.post/3lsll62b5t42z
2025-07-22 08:35:43.201  2522-5592  TimelineCrawlerWorker   com.testapp.bluesky_api_test         D  Empty post content. Post type: app.bsky.feed.post, URI: at://did:plc:liqa5jzb42hdrksxdo36qitn/app.bsky.feed.post/3lslhxzmgra2v
2025-07-22 08:35:43.213  2522-5592  TimelineCrawlerWorker   com.testapp.bluesky_api_test         D  Empty post content. Post type: app.bsky.feed.post, URI: at://did:plc:liqa5jzb42hdrksxdo36qitn/app.bsky.feed.post/3lslhxukb752o
2025-07-22 08:35:43.216  2522-5592  TimelineCrawlerWorker   com.testapp.bluesky_api_test         D  Empty post content. Post type: app.bsky.feed.post, URI: at://did:plc:liqa5jzb42hdrksxdo36qitn/app.bsky.feed.post/3lslery455c2e
2025-07-22 08:35:43.225  2522-5592  TimelineCrawlerWorker   com.testapp.bluesky_api_test         D  Empty post content. Post type: app.bsky.feed.post, URI: at://did:plc:liqa5jzb42hdrksxdo36qitn/app.bsky.feed.post/3lslbm2m2xw22
2025-07-22 08:35:43.232  2522-5592  TimelineCrawlerWorker   com.testapp.bluesky_api_test         D  Empty post content. Post type: app.bsky.feed.post, URI: at://did:plc:liqa5jzb42hdrksxdo36qitn/app.bsky.feed.post/3lsl6gcnngd2h
2025-07-22 08:35:43.234  2522-5592  TimelineCrawlerWorker   com.testapp.bluesky_api_test         D  Empty post content. Post type: app.bsky.feed.post, URI: at://did:plc:liqa5jzb42hdrksxdo36qitn/app.bsky.feed.post/3lsl6gari732e
2025-07-22 08:35:43.246  2522-5592  TimelineCrawlerWorker   com.testapp.bluesky_api_test         D  Empty post content. Post type: app.bsky.feed.post, URI: at://did:plc:liqa5jzb42hdrksxdo36qitn/app.bsky.feed.post/3lsl6g4ugkr2h
2025-07-22 08:35:43.296  2522-5592  TimelineCrawlerWorker   com.testapp.bluesky_api_test         D  Empty post content. Post type: app.bsky.feed.post, URI: at://did:plc:liqa5jzb42hdrksxdo36qitn/app.bsky.feed.post/3lsl3achff62x
2025-07-22 08:35:43.304  2522-5592  TimelineCrawlerWorker   com.testapp.bluesky_api_test         D  Empty post content. Post type: app.bsky.feed.post, URI: at://did:plc:liqa5jzb42hdrksxdo36qitn/app.bsky.feed.post/3lsl3a7cuvi2v
2025-07-22 08:35:43.307  2522-5592  TimelineCrawlerWorker   com.testapp.bluesky_api_test         D  Empty post content. Post type: app.bsky.feed.post, URI: at://did:plc:liqa5jzb42hdrksxdo36qitn/app.bsky.feed.post/3lsky2f24ev2t
2025-07-22 08:35:43.313  2522-5592  TimelineCrawlerWorker   com.testapp.bluesky_api_test         D  Empty post content. Post type: app.bsky.feed.post, URI: at://did:plc:liqa5jzb42hdrksxdo36qitn/app.bsky.feed.post/3lsky2ber752k
2025-07-22 08:35:43.332  2522-5592  TimelineCrawlerWorker   com.testapp.bluesky_api_test         D  Empty post content. Post type: app.bsky.feed.post, URI: at://did:plc:liqa5jzb42hdrksxdo36qitn/app.bsky.feed.post/3lskuuietq22p
2025-07-22 08:35:43.350  2522-5592  TimelineCrawlerWorker   com.testapp.bluesky_api_test         D  Empty post content. Post type: app.bsky.feed.post, URI: at://did:plc:liqa5jzb42hdrksxdo36qitn/app.bsky.feed.post/3lskuugvcoe2k
2025-07-22 08:35:43.362  2522-5592  TimelineCrawlerWorker   com.testapp.bluesky_api_test         D  Skipping repost: at://did:plc:4mexeb74bbygtdwjgs2wpknc/app.bsky.feed.post/3lskgrfpdas2f
2025-07-22 08:35:43.362  2522-5592  TimelineCrawlerWorker   com.testapp.bluesky_api_test         D  Empty post content. Post type: app.bsky.feed.post, URI: at://did:plc:liqa5jzb42hdrksxdo36qitn/app.bsky.feed.post/3lskroo5fne2v
2025-07-22 08:35:43.372  2522-5592  TimelineCrawlerWorker   com.testapp.bluesky_api_test         D  Empty post content. Post type: app.bsky.feed.post, URI: at://did:plc:liqa5jzb42hdrksxdo36qitn/app.bsky.feed.post/3lskrom5jlk2o
2025-07-22 08:35:43.376  2522-5592  TimelineCrawlerWorker   com.testapp.bluesky_api_test         D  Empty post content. Post type: app.bsky.feed.post, URI: at://did:plc:liqa5jzb42hdrksxdo36qitn/app.bsky.feed.post/3lskrokdj5c2o
2025-07-22 08:35:43.385  2522-5592  TimelineCrawlerWorker   com.testapp.bluesky_api_test         D  Skipping repost: at://did:plc:flczgiu3a2jqmqlk54qnbf4c/app.bsky.feed.post/3lskknkki6t2d
2025-07-22 08:35:43.385  2522-5592  TimelineCrawlerWorker   com.testapp.bluesky_api_test         D  Empty post content. Post type: app.bsky.feed.post, URI: at://did:plc:liqa5jzb42hdrksxdo36qitn/app.bsky.feed.post/3lskoimad2f2h
2025-07-22 08:35:43.388  2522-5592  TimelineCrawlerWorker   com.testapp.bluesky_api_test         D  Skipping repost: at://did:plc:k762js3b44u4kppedx63ozsw/app.bsky.feed.post/3lsk75wtjnc2b
2025-07-22 08:35:43.394  2522-5592  TimelineCrawlerWorker   com.testapp.bluesky_api_test         D  Empty post content. Post type: app.bsky.feed.post, URI: at://did:plc:liqa5jzb42hdrksxdo36qitn/app.bsky.feed.post/3lsklcs553z2h
2025-07-22 08:35:43.402  2522-5592  TimelineCrawlerWorker   com.testapp.bluesky_api_test         D  Empty post content. Post type: app.bsky.feed.post, URI: at://did:plc:liqa5jzb42hdrksxdo36qitn/app.bsky.feed.post/3lsklcqerjh2s
2025-07-22 08:35:43.413  2522-5592  TimelineCrawlerWorker   com.testapp.bluesky_api_test         D  Empty post content. Post type: app.bsky.feed.post, URI: at://did:plc:liqa5jzb42hdrksxdo36qitn/app.bsky.feed.post/3lski4qknmm2e
2025-07-22 08:35:43.418  2522-5592  TimelineCrawlerWorker   com.testapp.bluesky_api_test         D  Empty post content. Post type: app.bsky.feed.post, URI: at://did:plc:liqa5jzb42hdrksxdo36qitn/app.bsky.feed.post/3lskewvrkmk2z
2025-07-22 08:35:43.433  2522-5592  TimelineCrawlerWorker   com.testapp.bluesky_api_test         D  Empty post content. Post type: app.bsky.feed.post, URI: at://did:plc:liqa5jzb42hdrksxdo36qitn/app.bsky.feed.post/3lskewtt7nz2p
2025-07-22 08:35:43.466  2522-5592  TimelineCrawlerWorker   com.testapp.bluesky_api_test         D  Empty post content. Post type: app.bsky.feed.post, URI: at://did:plc:liqa5jzb42hdrksxdo36qitn/app.bsky.feed.post/3lskbqyes662x
2025-07-22 08:35:43.488  2522-5592  TimelineCrawlerWorker   com.testapp.bluesky_api_test         D  Empty post content. Post type: app.bsky.feed.post, URI: at://did:plc:liqa5jzb42hdrksxdo36qitn/app.bsky.feed.post/3lskbqx6jv72v
2025-07-22 08:35:43.529  2522-5592  TimelineCrawlerWorker   com.testapp.bluesky_api_test         D  Empty post content. Post type: app.bsky.feed.post, URI: at://did:plc:liqa5jzb42hdrksxdo36qitn/app.bsky.feed.post/3lsk6kv7nmi2p
2025-07-22 08:35:43.571  2522-5592  TimelineCrawlerWorker   com.testapp.bluesky_api_test         D  Empty post content. Post type: app.bsky.feed.post, URI: at://did:plc:liqa5jzb42hdrksxdo36qitn/app.bsky.feed.post/3lsj6pyrntq2z
2025-07-22 08:35:43.583  2522-5592  TimelineCrawlerWorker   com.testapp.bluesky_api_test         D  Empty post content. Post type: app.bsky.feed.post, URI: at://did:plc:liqa5jzb42hdrksxdo36qitn/app.bsky.feed.post/3lsj6pwpwfw2z
2025-07-22 08:35:43.590  2522-5592  TimelineCrawlerWorker   com.testapp.bluesky_api_test         D  Empty post content. Post type: app.bsky.feed.post, URI: at://did:plc:liqa5jzb42hdrksxdo36qitn/app.bsky.feed.post/3lsj3jv64pu2z
2025-07-22 08:35:43.606  2522-5592  TimelineCrawlerWorker   com.testapp.bluesky_api_test         D  Empty post content. Post type: app.bsky.feed.post, URI: at://did:plc:liqa5jzb42hdrksxdo36qitn/app.bsky.feed.post/3lsj3jtiho32k
2025-07-22 08:35:43.615  2522-5592  TimelineCrawlerWorker   com.testapp.bluesky_api_test         D  Empty post content. Post type: app.bsky.feed.post, URI: at://did:plc:liqa5jzb42hdrksxdo36qitn/app.bsky.feed.post/3lsj3jqjzkp2z
2025-07-22 08:35:43.621  2522-5592  TimelineCrawlerWorker   com.testapp.bluesky_api_test         D  Empty post content. Post type: app.bsky.feed.post, URI: at://did:plc:liqa5jzb42hdrksxdo36qitn/app.bsky.feed.post/3lsiydxgzv52z
2025-07-22 08:35:43.651  2522-5592  TimelineCrawlerWorker   com.testapp.bluesky_api_test         D  Empty post content. Post type: app.bsky.feed.post, URI: at://did:plc:liqa5jzb42hdrksxdo36qitn/app.bsky.feed.post/3lsiydvqekb2o
2025-07-22 08:35:43.654  2522-5592  TimelineCrawlerWorker   com.testapp.bluesky_api_test         D  Empty post content. Post type: app.bsky.feed.post, URI: at://did:plc:liqa5jzb42hdrksxdo36qitn/app.bsky.feed.post/3lsiydsi2ck2x
2025-07-22 08:35:43.668  2522-5592  TimelineCrawlerWorker   com.testapp.bluesky_api_test         D  Empty post content. Post type: app.bsky.feed.post, URI: at://did:plc:liqa5jzb42hdrksxdo36qitn/app.bsky.feed.post/3lsiv5vnhsa2k
2025-07-22 08:35:43.689  2522-5592  TimelineCrawlerWorker   com.testapp.bluesky_api_test         D  Empty post content. Post type: app.bsky.feed.post, URI: at://did:plc:liqa5jzb42hdrksxdo36qitn/app.bsky.feed.post/3lsios3tvr22t
2025-07-22 08:35:43.800  2522-5592  TimelineCrawlerWorker   com.testapp.bluesky_api_test         D  Empty post content. Post type: app.bsky.feed.post, URI: at://did:plc:liqa5jzb42hdrksxdo36qitn/app.bsky.feed.post/3lsiorx6ibi2k
2025-07-22 08:35:43.900  2522-5592  TimelineCrawlerWorker   com.testapp.bluesky_api_test         D  Empty post content. Post type: app.bsky.feed.post, URI: at://did:plc:liqa5jzb42hdrksxdo36qitn/app.bsky.feed.post/3lsilmymoon2z
2025-07-22 08:35:43.944  2522-5592  TimelineCrawlerWorker   com.testapp.bluesky_api_test         D  Empty post content. Post type: app.bsky.feed.post, URI: at://did:plc:liqa5jzb42hdrksxdo36qitn/app.bsky.feed.post/3lsilmvzfg22v
2025-07-22 08:35:43.992  2522-5592  TimelineCrawlerWorker   com.testapp.bluesky_api_test         D  Empty post content. Post type: app.bsky.feed.post, URI: at://did:plc:liqa5jzb42hdrksxdo36qitn/app.bsky.feed.post/3lsiifbrxdx2z
2025-07-22 08:35:44.033  2522-5592  TimelineCrawlerWorker   com.testapp.bluesky_api_test         D  Empty post content. Post type: app.bsky.feed.post, URI: at://did:plc:liqa5jzb42hdrksxdo36qitn/app.bsky.feed.post/3lsiif7zz3z2o
2025-07-22 08:35:44.053  2522-5592  TimelineCrawlerWorker   com.testapp.bluesky_api_test         D  Empty post content. Post type: app.bsky.feed.post, URI: at://did:plc:liqa5jzb42hdrksxdo36qitn/app.bsky.feed.post/3lsiif67uel2x
2025-07-22 08:35:44.116  2522-5592  TimelineCrawlerWorker   com.testapp.bluesky_api_test         D  Empty post content. Post type: app.bsky.feed.post, URI: at://did:plc:liqa5jzb42hdrksxdo36qitn/app.bsky.feed.post/3lsif7csfeu2e
2025-07-22 08:35:44.202  2522-5592  TimelineCrawlerWorker   com.testapp.bluesky_api_test         D  Empty post content. Post type: app.bsky.feed.post, URI: at://did:plc:liqa5jzb42hdrksxdo36qitn/app.bsky.feed.post/3lsif7av5qv2p
2025-07-22 08:35:44.402  2522-5592  TimelineCrawlerWorker   com.testapp.bluesky_api_test         D  Empty post content. Post type: app.bsky.feed.post, URI: at://did:plc:liqa5jzb42hdrksxdo36qitn/app.bsky.feed.post/3lsibzetvaj2z
2025-07-22 08:35:44.514  2522-5592  TimelineCrawlerWorker   com.testapp.bluesky_api_test         D  Empty post content. Post type: app.bsky.feed.post, URI: at://did:plc:liqa5jzb42hdrksxdo36qitn/app.bsky.feed.post/3lsibzd23ym2s
2025-07-22 08:35:44.754  2522-5592  TimelineCrawlerWorker   com.testapp.bluesky_api_test         D  Empty post content. Post type: app.bsky.feed.post, URI: at://did:plc:liqa5jzb42hdrksxdo36qitn/app.bsky.feed.post/3lsi6ti4fek2h
2025-07-22 08:35:44.789  2522-5592  TimelineCrawlerWorker   com.testapp.bluesky_api_test         D  Empty post content. Post type: app.bsky.feed.post, URI: at://did:plc:liqa5jzb42hdrksxdo36qitn/app.bsky.feed.post/3lsi6tgaev72o
2025-07-22 08:35:44.863  2522-5572  AuthorRepository        com.testapp.bluesky_api_test         D  Author already exists: freedomcat.com or 
2025-07-22 08:35:44.982  2522-5572  AuthorRepository        com.testapp.bluesky_api_test         D  Author already exists: atasinti.bsky.social or 
2025-07-22 08:35:45.149  2522-5592  TimelineCrawlerWorker   com.testapp.bluesky_api_test         D  Empty post content. Post type: app.bsky.feed.post, URI: at://did:plc:liqa5jzb42hdrksxdo36qitn/app.bsky.feed.post/3lsi3niowxo25
2025-07-22 08:35:45.182  2522-5572  AuthorRepository        com.testapp.bluesky_api_test         D  Author already exists: dmikurube.bsky.social or 
2025-07-22 08:35:45.182  2522-5592  TimelineCrawlerWorker   com.testapp.bluesky_api_test         D  Empty post content. Post type: app.bsky.feed.post, URI: at://did:plc:liqa5jzb42hdrksxdo36qitn/app.bsky.feed.post/3lshyhs26dj22
2025-07-22 08:35:45.190  2522-5592  TimelineCrawlerWorker   com.testapp.bluesky_api_test         D  Empty post content. Post type: app.bsky.feed.post, URI: at://did:plc:liqa5jzb42hdrksxdo36qitn/app.bsky.feed.post/3lshyhoof4u2p
2025-07-22 08:35:45.207  2522-5592  TimelineCrawlerWorker   com.testapp.bluesky_api_test         D  Empty post content. Post type: app.bsky.feed.post, URI: at://did:plc:liqa5jzb42hdrksxdo36qitn/app.bsky.feed.post/3lshyhktjci2z
2025-07-22 08:35:45.220  2522-5592  TimelineCrawlerWorker   com.testapp.bluesky_api_test         D  Empty post content. Post type: app.bsky.feed.post, URI: at://did:plc:liqa5jzb42hdrksxdo36qitn/app.bsky.feed.post/3lshvboptye23
2025-07-22 08:35:45.236  2522-5592  TimelineCrawlerWorker   com.testapp.bluesky_api_test         D  Empty post content. Post type: app.bsky.feed.post, URI: at://did:plc:liqa5jzb42hdrksxdo36qitn/app.bsky.feed.post/3lshvbmo5yk2k
2025-07-22 08:35:45.251  2522-5592  TimelineCrawlerWorker   com.testapp.bluesky_api_test         D  Empty post content. Post type: app.bsky.feed.post, URI: at://did:plc:liqa5jzb42hdrksxdo36qitn/app.bsky.feed.post/3lshs4vx7rn2z
2025-07-22 08:35:45.253  2522-5592  TimelineCrawlerWorker   com.testapp.bluesky_api_test         D  Empty post content. Post type: app.bsky.feed.post, URI: at://did:plc:liqa5jzb42hdrksxdo36qitn/app.bsky.feed.post/3lshs4uaizg2p
2025-07-22 08:35:45.281  2522-5592  TimelineCrawlerWorker   com.testapp.bluesky_api_test         D  Empty post content. Post type: app.bsky.feed.post, URI: at://did:plc:liqa5jzb42hdrksxdo36qitn/app.bsky.feed.post/3lshovsdcfh25
2025-07-22 08:35:45.283  2522-5592  TimelineCrawlerWorker   com.testapp.bluesky_api_test         D  Empty post content. Post type: app.bsky.feed.post, URI: at://did:plc:liqa5jzb42hdrksxdo36qitn/app.bsky.feed.post/3lsgsajlu2a2z
2025-07-22 08:35:45.307  2522-5592  TimelineCrawlerWorker   com.testapp.bluesky_api_test         D  Empty post content. Post type: app.bsky.feed.post, URI: at://did:plc:liqa5jzb42hdrksxdo36qitn/app.bsky.feed.post/3lsgp2n2qwi2z
2025-07-22 08:35:45.369  2522-5592  TimelineCrawlerWorker   com.testapp.bluesky_api_test         D  Empty post content. Post type: app.bsky.feed.post, URI: at://did:plc:liqa5jzb42hdrksxdo36qitn/app.bsky.feed.post/3lsgp2kua6p23
2025-07-22 08:35:45.384  2522-5592  TimelineCrawlerWorker   com.testapp.bluesky_api_test         D  Empty post content. Post type: app.bsky.feed.post, URI: at://did:plc:liqa5jzb42hdrksxdo36qitn/app.bsky.feed.post/3lsglunmtxt25
2025-07-22 08:35:45.411  2522-5572  AuthorRepository        com.testapp.bluesky_api_test         D  Author already exists: rose.bsky.team or 
2025-07-22 08:35:45.411  2522-5592  TimelineCrawlerWorker   com.testapp.bluesky_api_test         D  Empty post content. Post type: app.bsky.feed.post, URI: at://did:plc:liqa5jzb42hdrksxdo36qitn/app.bsky.feed.post/3lsgioqkmud2o
2025-07-22 08:35:45.413  2522-5592  TimelineCrawlerWorker   com.testapp.bluesky_api_test         D  Empty post content. Post type: app.bsky.feed.post, URI: at://did:plc:liqa5jzb42hdrksxdo36qitn/app.bsky.feed.post/3lsgiopcvbt2v
2025-07-22 08:35:45.418  2522-5592  TimelineCrawlerWorker   com.testapp.bluesky_api_test         D  Empty post content. Post type: app.bsky.feed.post, URI: at://did:plc:liqa5jzb42hdrksxdo36qitn/app.bsky.feed.post/3lsgfjwjcmk2h
2025-07-22 08:35:45.420  2522-5592  TimelineCrawlerWorker   com.testapp.bluesky_api_test         D  Empty post content. Post type: app.bsky.feed.post, URI: at://did:plc:liqa5jzb42hdrksxdo36qitn/app.bsky.feed.post/3lsgcdzcit72z
2025-07-22 08:35:45.434  2522-5592  TimelineCrawlerWorker   com.testapp.bluesky_api_test         D  Empty post content. Post type: app.bsky.feed.post, URI: at://did:plc:liqa5jzb42hdrksxdo36qitn/app.bsky.feed.post/3lsg74yehjw2p
2025-07-22 08:35:45.437  2522-5592  TimelineCrawlerWorker   com.testapp.bluesky_api_test         D  Empty post content. Post type: app.bsky.feed.post, URI: at://did:plc:liqa5jzb42hdrksxdo36qitn/app.bsky.feed.post/3lsg74wmbk32z
2025-07-22 08:35:45.438  2522-5592  TimelineCrawlerWorker   com.testapp.bluesky_api_test         D  Empty post content. Post type: app.bsky.feed.post, URI: at://did:plc:liqa5jzb42hdrksxdo36qitn/app.bsky.feed.post/3lsg3x2zjgx2s
2025-07-22 08:35:45.442  2522-5592  TimelineCrawlerWorker   com.testapp.bluesky_api_test         D  Empty post content. Post type: app.bsky.feed.post, URI: at://did:plc:liqa5jzb42hdrksxdo36qitn/app.bsky.feed.post/3lsg3wz7tei2t
2025-07-22 08:35:45.473  2522-5592  TimelineCrawlerWorker   com.testapp.bluesky_api_test         D  Empty post content. Post type: app.bsky.feed.post, URI: at://did:plc:liqa5jzb42hdrksxdo36qitn/app.bsky.feed.post/3lsfyqjg5qu2e
2025-07-22 08:35:45.477  2522-5592  TimelineCrawlerWorker   com.testapp.bluesky_api_test         D  Empty post content. Post type: app.bsky.feed.post, URI: at://did:plc:liqa5jzb42hdrksxdo36qitn/app.bsky.feed.post/3lsfyqhimqw2z
2025-07-22 08:35:45.485  2522-5592  TimelineCrawlerWorker   com.testapp.bluesky_api_test         D  Empty post content. Post type: app.bsky.feed.post, URI: at://did:plc:liqa5jzb42hdrksxdo36qitn/app.bsky.feed.post/3lsfvklujet2z
2025-07-22 08:35:45.493  2522-5592  TimelineCrawlerWorker   com.testapp.bluesky_api_test         D  Empty post content. Post type: app.bsky.feed.post, URI: at://did:plc:liqa5jzb42hdrksxdo36qitn/app.bsky.feed.post/3lsfvkjoncd2e
2025-07-22 08:35:45.500  2522-5592  TimelineCrawlerWorker   com.testapp.bluesky_api_test         D  Empty post content. Post type: app.bsky.feed.post, URI: at://did:plc:liqa5jzb42hdrksxdo36qitn/app.bsky.feed.post/3lsfvkhrlm42s
2025-07-22 08:35:45.512  2522-5592  TimelineCrawlerWorker   com.testapp.bluesky_api_test         D  Empty post content. Post type: app.bsky.feed.post, URI: at://did:plc:liqa5jzb42hdrksxdo36qitn/app.bsky.feed.post/3lsfsegropa25
2025-07-22 08:35:45.533  2522-5592  TimelineCrawlerWorker   com.testapp.bluesky_api_test         D  Empty post content. Post type: app.bsky.feed.post, URI: at://did:plc:liqa5jzb42hdrksxdo36qitn/app.bsky.feed.post/3lsfp6r4hzi22
2025-07-22 08:35:45.544  2522-5592  TimelineCrawlerWorker   com.testapp.bluesky_api_test         D  Empty post content. Post type: app.bsky.feed.post, URI: at://did:plc:liqa5jzb42hdrksxdo36qitn/app.bsky.feed.post/3lsfp6p6vaf23
2025-07-22 08:35:45.568  2522-5592  TimelineCrawlerWorker   com.testapp.bluesky_api_test         D  Empty post content. Post type: app.bsky.feed.post, URI: at://did:plc:liqa5jzb42hdrksxdo36qitn/app.bsky.feed.post/3lsflyr5g252z
2025-07-22 08:35:45.579  2522-5592  TimelineCrawlerWorker   com.testapp.bluesky_api_test         D  Empty post content. Post type: app.bsky.feed.post, URI: at://did:plc:liqa5jzb42hdrksxdo36qitn/app.bsky.feed.post/3lsflypazgt25
2025-07-22 08:35:45.636  2522-5592  TimelineCrawlerWorker   com.testapp.bluesky_api_test         D  Empty post content. Post type: app.bsky.feed.post, URI: at://did:plc:liqa5jzb42hdrksxdo36qitn/app.bsky.feed.post/3lsfiswsdhg2h
2025-07-22 08:35:45.638  2522-5592  TimelineCrawlerWorker   com.testapp.bluesky_api_test         D  Empty post content. Post type: app.bsky.feed.post, URI: at://did:plc:liqa5jzb42hdrksxdo36qitn/app.bsky.feed.post/3lsfisvbumi23
2025-07-22 08:35:45.663  2522-5592  TimelineCrawlerWorker   com.testapp.bluesky_api_test         D  Empty post content. Post type: app.bsky.feed.post, URI: at://did:plc:liqa5jzb42hdrksxdo36qitn/app.bsky.feed.post/3lsfistgvpn2t
2025-07-22 08:35:45.683  2522-5592  TimelineCrawlerWorker   com.testapp.bluesky_api_test         D  Empty post content. Post type: app.bsky.feed.post, URI: at://did:plc:liqa5jzb42hdrksxdo36qitn/app.bsky.feed.post/3lsffmvtxwy2h
2025-07-22 08:35:45.726  2522-5592  TimelineCrawlerWorker   com.testapp.bluesky_api_test         D  Empty post content. Post type: app.bsky.feed.post, URI: at://did:plc:liqa5jzb42hdrksxdo36qitn/app.bsky.feed.post/3lsfcgwkris2s
2025-07-22 08:35:45.738  2522-5592  TimelineCrawlerWorker   com.testapp.bluesky_api_test         D  Empty post content. Post type: app.bsky.feed.post, URI: at://did:plc:liqa5jzb42hdrksxdo36qitn/app.bsky.feed.post/3lsf7awq2l62x
2025-07-22 08:35:45.773  2522-2522  WindowOnBackDispatcher  com.testapp.bluesky_api_test         W  sendCancelIfRunning: isInProgress=false callback=android.view.ImeBackAnimationController@3fd0b00
2025-07-22 08:35:45.779  2522-2522  WindowOnBackDispatcher  com.testapp.bluesky_api_test         W  sendCancelIfRunning: isInProgress=false callback=android.view.ViewRootImpl$$ExternalSyntheticLambda13@db6f42a
2025-07-22 08:35:45.799  2522-5961  GroupViewModel          com.testapp.bluesky_api_test         D  Refreshing groups data.
2025-07-22 08:35:45.800  2522-5961  GroupEntityRepository   com.testapp.bluesky_api_test         D  Fetching all groups from database.
2025-07-22 08:35:45.813  2522-2662  HWUI                    com.testapp.bluesky_api_test         D  endAllActiveAnimators on 0x7b79d5fe7210 (RippleDrawable) with handle 0x7b7a35fd10c0
2025-07-22 08:35:45.848  2522-5592  TimelineCrawlerWorker   com.testapp.bluesky_api_test         D  Empty post content. Post type: app.bsky.feed.post, URI: at://did:plc:liqa5jzb42hdrksxdo36qitn/app.bsky.feed.post/3lsf42xmqgv22
2025-07-22 08:35:45.935  2522-5592  TimelineCrawlerWorker   com.testapp.bluesky_api_test         D  Empty post content. Post type: app.bsky.feed.post, URI: at://did:plc:liqa5jzb42hdrksxdo36qitn/app.bsky.feed.post/3lseclkvr4a2h
2025-07-22 08:35:45.997  2522-5572  AuthorRepository        com.testapp.bluesky_api_test         D  Author already exists: davis.social or 
2025-07-22 08:35:45.999  2522-5592  TimelineCrawlerWorker   com.testapp.bluesky_api_test         D  Empty post content. Post type: app.bsky.feed.post, URI: at://did:plc:liqa5jzb42hdrksxdo36qitn/app.bsky.feed.post/3lse7fnuzni2p
2025-07-22 08:35:46.019  2522-2522  GroupFragment           com.testapp.bluesky_api_test         D  Groups updated. Size: 1
2025-07-22 08:35:46.019  2522-2522  GroupFragment           com.testapp.bluesky_api_test         D  Group Name: AAA
2025-07-22 08:35:46.133  2522-2529  luesky_api_test         com.testapp.bluesky_api_test         W  Suspending all threads took: 30.173ms
2025-07-22 08:35:46.165  2522-5592  TimelineCrawlerWorker   com.testapp.bluesky_api_test         D  Empty post content. Post type: app.bsky.feed.post, URI: at://did:plc:liqa5jzb42hdrksxdo36qitn/app.bsky.feed.post/3lse47tvzib2p
2025-07-22 08:35:46.168  2522-5592  TimelineCrawlerWorker   com.testapp.bluesky_api_test         D  Empty post content. Post type: app.bsky.feed.post, URI: at://did:plc:liqa5jzb42hdrksxdo36qitn/app.bsky.feed.post/3lse47px73a23
2025-07-22 08:35:46.170  2522-5592  TimelineCrawlerWorker   com.testapp.bluesky_api_test         D  Empty post content. Post type: app.bsky.feed.post, URI: at://did:plc:liqa5jzb42hdrksxdo36qitn/app.bsky.feed.post/3lsdyzx5fub2o
2025-07-22 08:35:46.173  2522-5592  TimelineCrawlerWorker   com.testapp.bluesky_api_test         D  Empty post content. Post type: app.bsky.feed.post, URI: at://did:plc:liqa5jzb42hdrksxdo36qitn/app.bsky.feed.post/3lsdyzsvjpm2h
2025-07-22 08:35:46.181  2522-5592  TimelineCrawlerWorker   com.testapp.bluesky_api_test         D  Empty post content. Post type: app.bsky.feed.post, URI: at://did:plc:liqa5jzb42hdrksxdo36qitn/app.bsky.feed.post/3lsdvu77pmk2k
2025-07-22 08:35:46.186  2522-5592  TimelineCrawlerWorker   com.testapp.bluesky_api_test         D  Empty post content. Post type: app.bsky.feed.post, URI: at://did:plc:liqa5jzb42hdrksxdo36qitn/app.bsky.feed.post/3lsdvu5lg7d22
2025-07-22 08:35:46.190  2522-5592  TimelineCrawlerWorker   com.testapp.bluesky_api_test         D  Empty post content. Post type: app.bsky.feed.post, URI: at://did:plc:liqa5jzb42hdrksxdo36qitn/app.bsky.feed.post/3lsdvu3tgwc25
2025-07-22 08:35:46.198  2522-5592  TimelineCrawlerWorker   com.testapp.bluesky_api_test         D  Empty post content. Post type: app.bsky.feed.post, URI: at://did:plc:liqa5jzb42hdrksxdo36qitn/app.bsky.feed.post/3lsdsnxhrwp2z
2025-07-22 08:35:46.202  2522-5592  TimelineCrawlerWorker   com.testapp.bluesky_api_test         D  Empty post content. Post type: app.bsky.feed.post, URI: at://did:plc:liqa5jzb42hdrksxdo36qitn/app.bsky.feed.post/3lsdpibye3o22
2025-07-22 08:35:46.230  2522-5592  TimelineCrawlerWorker   com.testapp.bluesky_api_test         D  Empty post content. Post type: app.bsky.feed.post, URI: at://did:plc:liqa5jzb42hdrksxdo36qitn/app.bsky.feed.post/3lsdpi7pqh62z
2025-07-22 08:35:46.257  2522-5592  TimelineCrawlerWorker   com.testapp.bluesky_api_test         D  Empty post content. Post type: app.bsky.feed.post, URI: at://did:plc:liqa5jzb42hdrksxdo36qitn/app.bsky.feed.post/3lsdmcfvirb2p
2025-07-22 08:35:46.273  2522-5592  TimelineCrawlerWorker   com.testapp.bluesky_api_test         D  Empty post content. Post type: app.bsky.feed.post, URI: at://did:plc:liqa5jzb42hdrksxdo36qitn/app.bsky.feed.post/3lsdmcejqn22x
2025-07-22 08:35:46.282  2522-5592  TimelineCrawlerWorker   com.testapp.bluesky_api_test         D  Empty post content. Post type: app.bsky.feed.post, URI: at://did:plc:liqa5jzb42hdrksxdo36qitn/app.bsky.feed.post/3lsdmcct2lc23
2025-07-22 08:35:46.286  2522-5592  TimelineCrawlerWorker   com.testapp.bluesky_api_test         D  Empty post content. Post type: app.bsky.feed.post, URI: at://did:plc:liqa5jzb42hdrksxdo36qitn/app.bsky.feed.post/3lsdmcb3nb22h
2025-07-22 08:35:46.319  2522-5592  TimelineCrawlerWorker   com.testapp.bluesky_api_test         D  Empty post content. Post type: app.bsky.feed.post, URI: at://did:plc:liqa5jzb42hdrksxdo36qitn/app.bsky.feed.post/3lsdj4hhsuc2v
2025-07-22 08:35:46.325  2522-5592  TimelineCrawlerWorker   com.testapp.bluesky_api_test         D  Empty post content. Post type: app.bsky.feed.post, URI: at://did:plc:liqa5jzb42hdrksxdo36qitn/app.bsky.feed.post/3lsdj4fqter2t
2025-07-22 08:35:46.368  2522-5592  TimelineCrawlerWorker   com.testapp.bluesky_api_test         D  Empty post content. Post type: app.bsky.feed.post, URI: at://did:plc:liqa5jzb42hdrksxdo36qitn/app.bsky.feed.post/3lsdfwfgjnz22
2025-07-22 08:35:46.371  2522-5592  TimelineCrawlerWorker   com.testapp.bluesky_api_test         D  Empty post content. Post type: app.bsky.feed.post, URI: at://did:plc:liqa5jzb42hdrksxdo36qitn/app.bsky.feed.post/3lsdfwb5dm32k
2025-07-22 08:35:46.375  2522-2522  RemoteInpu...ectionImpl com.testapp.bluesky_api_test         W  requestCursorUpdates on inactive InputConnection
2025-07-22 08:35:46.417  2522-2522  InsetsController        com.testapp.bluesky_api_test         D  hide(ime(), fromIme=false)
2025-07-22 08:35:46.418  2522-2522  ImeTracker              com.testapp.bluesky_api_test         I  com.testapp.bluesky_api_test:63d689a8: onCancelled at PHASE_CLIENT_ALREADY_HIDDEN
2025-07-22 08:35:46.464  2522-2529  luesky_api_test         com.testapp.bluesky_api_test         I  Background concurrent mark compact GC freed 12MB AllocSpace bytes, 15(492KB) LOS objects, 49% free, 15MB/30MB, paused 43.530ms,10.227ms total 880.561ms
2025-07-22 08:35:46.486  2522-5592  TimelineCrawlerWorker   com.testapp.bluesky_api_test         D  Empty post content. Post type: app.bsky.feed.post, URI: at://did:plc:nwdicxhngpvhfk57lrexrfbz/app.bsky.feed.post/3lsddshggkc2q
2025-07-22 08:35:46.522  2522-5592  TimelineCrawlerWorker   com.testapp.bluesky_api_test         D  Empty post content. Post type: app.bsky.feed.post, URI: at://did:plc:liqa5jzb42hdrksxdo36qitn/app.bsky.feed.post/3lsdcqdwicn2t
2025-07-22 08:35:46.530  2522-5592  TimelineCrawlerWorker   com.testapp.bluesky_api_test         D  Empty post content. Post type: app.bsky.feed.post, URI: at://did:plc:liqa5jzb42hdrksxdo36qitn/app.bsky.feed.post/3lsd7krtmt62h
2025-07-22 08:35:46.545  2522-2522  ImeBackDispatcher       com.testapp.bluesky_api_test         E  Ime callback not found. Ignoring unregisterReceivedCallback. callbackId: 50132683
2025-07-22 08:35:46.557  2522-5592  TimelineCrawlerWorker   com.testapp.bluesky_api_test         D  Empty post content. Post type: app.bsky.feed.post, URI: at://did:plc:liqa5jzb42hdrksxdo36qitn/app.bsky.feed.post/3lsd7kq5etl2v
2025-07-22 08:35:46.568  2522-5592  TimelineCrawlerWorker   com.testapp.bluesky_api_test         D  Empty post content. Post type: app.bsky.feed.post, URI: at://did:plc:liqa5jzb42hdrksxdo36qitn/app.bsky.feed.post/3lsd7kodwjn23
2025-07-22 08:35:46.597  2522-5572  AuthorRepository        com.testapp.bluesky_api_test         D  Author already exists: thelouvreof.bsky.social or 
2025-07-22 08:35:46.601  2522-5592  TimelineCrawlerWorker   com.testapp.bluesky_api_test         D  Skipping repost: at://did:plc:d7alduwcnxy5ntystyplbnuy/app.bsky.feed.post/3lscnpg6jmk2y
2025-07-22 08:35:46.636  2522-5592  TimelineCrawlerWorker   com.testapp.bluesky_api_test         D  Empty post content. Post type: app.bsky.feed.post, URI: at://did:plc:liqa5jzb42hdrksxdo36qitn/app.bsky.feed.post/3lsd4epin5q2p
2025-07-22 08:35:46.652  2522-2522  ImeTracker              com.testapp.bluesky_api_test         I  system_server:299eb7cc: onCancelled at PHASE_CLIENT_ON_CONTROLS_CHANGED
2025-07-22 08:35:46.669  2522-5592  TimelineCrawlerWorker   com.testapp.bluesky_api_test         D  Empty post content. Post type: app.bsky.feed.post, URI: at://did:plc:liqa5jzb42hdrksxdo36qitn/app.bsky.feed.post/3lscz6rrtmy2v
2025-07-22 08:35:46.674  2522-5592  TimelineCrawlerWorker   com.testapp.bluesky_api_test         D  Empty post content. Post type: app.bsky.feed.post, URI: at://did:plc:liqa5jzb42hdrksxdo36qitn/app.bsky.feed.post/3lscz6pxapu2o
2025-07-22 08:35:46.679  2522-5592  TimelineCrawlerWorker   com.testapp.bluesky_api_test         D  Empty post content. Post type: app.bsky.feed.post, URI: at://did:plc:liqa5jzb42hdrksxdo36qitn/app.bsky.feed.post/3lscvyr2jsw2k
2025-07-22 08:35:46.684  2522-5592  TimelineCrawlerWorker   com.testapp.bluesky_api_test         D  Empty post content. Post type: app.bsky.feed.post, URI: at://did:plc:liqa5jzb42hdrksxdo36qitn/app.bsky.feed.post/3lscvyndsyo2z
2025-07-22 08:35:46.704  2522-5592  TimelineCrawlerWorker   com.testapp.bluesky_api_test         D  Empty post content. Post type: app.bsky.feed.post, URI: at://did:plc:liqa5jzb42hdrksxdo36qitn/app.bsky.feed.post/3lscsswgby32z
2025-07-22 08:35:46.714  2522-5592  TimelineCrawlerWorker   com.testapp.bluesky_api_test         D  Empty post content. Post type: app.bsky.feed.post, URI: at://did:plc:liqa5jzb42hdrksxdo36qitn/app.bsky.feed.post/3lscssulglz2h
2025-07-22 08:35:46.722  2522-5592  TimelineCrawlerWorker   com.testapp.bluesky_api_test         D  Empty post content. Post type: app.bsky.feed.post, URI: at://did:plc:liqa5jzb42hdrksxdo36qitn/app.bsky.feed.post/3lscpn2ufcu22
2025-07-22 08:35:46.726  2522-5592  TimelineCrawlerWorker   com.testapp.bluesky_api_test         D  Empty post content. Post type: app.bsky.feed.post, URI: at://did:plc:liqa5jzb42hdrksxdo36qitn/app.bsky.feed.post/3lscpmyzo3q2t
2025-07-22 08:35:46.736  2522-5592  TimelineCrawlerWorker   com.testapp.bluesky_api_test         D  Empty post content. Post type: app.bsky.feed.post, URI: at://did:plc:liqa5jzb42hdrksxdo36qitn/app.bsky.feed.post/3lscmguhsap2z
2025-07-22 08:35:46.750  2522-5592  TimelineCrawlerWorker   com.testapp.bluesky_api_test         D  Empty post content. Post type: app.bsky.feed.post, URI: at://did:plc:liqa5jzb42hdrksxdo36qitn/app.bsky.feed.post/3lsbprrifam2z
2025-07-22 08:35:46.754  2522-5592  TimelineCrawlerWorker   com.testapp.bluesky_api_test         D  Empty post content. Post type: app.bsky.feed.post, URI: at://did:plc:liqa5jzb42hdrksxdo36qitn/app.bsky.feed.post/3lsbprpcs672x
2025-07-22 08:35:46.759  2522-5592  TimelineCrawlerWorker   com.testapp.bluesky_api_test         D  Empty post content. Post type: app.bsky.feed.post, URI: at://did:plc:liqa5jzb42hdrksxdo36qitn/app.bsky.feed.post/3lsbprm4nhq2t
2025-07-22 08:35:46.765  2522-5592  TimelineCrawlerWorker   com.testapp.bluesky_api_test         D  Empty post content. Post type: app.bsky.feed.post, URI: at://did:plc:liqa5jzb42hdrksxdo36qitn/app.bsky.feed.post/3lsbmlluwfx2p
2025-07-22 08:35:46.771  2522-5592  TimelineCrawlerWorker   com.testapp.bluesky_api_test         D  Empty post content. Post type: app.bsky.feed.post, URI: at://did:plc:liqa5jzb42hdrksxdo36qitn/app.bsky.feed.post/3lsbjfuxrh22h
2025-07-22 08:35:46.775  2522-5592  TimelineCrawlerWorker   com.testapp.bluesky_api_test         D  Empty post content. Post type: app.bsky.feed.post, URI: at://did:plc:liqa5jzb42hdrksxdo36qitn/app.bsky.feed.post/3lsbjft6zoj2p
2025-07-22 08:35:46.780  2522-5592  TimelineCrawlerWorker   com.testapp.bluesky_api_test         D  Empty post content. Post type: app.bsky.feed.post, URI: at://did:plc:liqa5jzb42hdrksxdo36qitn/app.bsky.feed.post/3lsbjfq3aek2t
2025-07-22 08:35:46.808  2522-5592  TimelineCrawlerWorker   com.testapp.bluesky_api_test         D  Skipping repost: at://did:plc:k762js3b44u4kppedx63ozsw/app.bsky.feed.post/3lsbeltkocs2h
2025-07-22 08:35:46.809  2522-5592  TimelineCrawlerWorker   com.testapp.bluesky_api_test         D  Empty post content. Post type: app.bsky.feed.post, URI: at://did:plc:liqa5jzb42hdrksxdo36qitn/app.bsky.feed.post/3lsbg7vs73m23
2025-07-22 08:35:46.813  2522-5592  TimelineCrawlerWorker   com.testapp.bluesky_api_test         D  Empty post content. Post type: app.bsky.feed.post, URI: at://did:plc:liqa5jzb42hdrksxdo36qitn/app.bsky.feed.post/3lsbg7qzhak2z
2025-07-22 08:35:46.826  2522-5592  TimelineCrawlerWorker   com.testapp.bluesky_api_test         D  Empty post content. Post type: app.bsky.feed.post, URI: at://did:plc:liqa5jzb42hdrksxdo36qitn/app.bsky.feed.post/3lsbcztaoqs2s
2025-07-22 08:35:46.832  2522-5592  TimelineCrawlerWorker   com.testapp.bluesky_api_test         D  Empty post content. Post type: app.bsky.feed.post, URI: at://did:plc:liqa5jzb42hdrksxdo36qitn/app.bsky.feed.post/3lsb7uaczzh2z
2025-07-22 08:35:46.842  2522-5592  TimelineCrawlerWorker   com.testapp.bluesky_api_test         D  Empty post content. Post type: app.bsky.feed.post, URI: at://did:plc:liqa5jzb42hdrksxdo36qitn/app.bsky.feed.post/3lsb4o5kdh42z
2025-07-22 08:35:46.846  2522-5592  TimelineCrawlerWorker   com.testapp.bluesky_api_test         D  Empty post content. Post type: app.bsky.feed.post, URI: at://did:plc:liqa5jzb42hdrksxdo36qitn/app.bsky.feed.post/3lsb4nzntd62s
2025-07-22 08:35:46.850  2522-5592  TimelineCrawlerWorker   com.testapp.bluesky_api_test         D  Empty post content. Post type: app.bsky.feed.post, URI: at://did:plc:liqa5jzb42hdrksxdo36qitn/app.bsky.feed.post/3lsazi7xjm72h
2025-07-22 08:35:46.860  2522-5592  TimelineCrawlerWorker   com.testapp.bluesky_api_test         D  Empty post content. Post type: app.bsky.feed.post, URI: at://did:plc:liqa5jzb42hdrksxdo36qitn/app.bsky.feed.post/3lsazi5ae3b2k
2025-07-22 08:35:46.865  2522-5592  TimelineCrawlerWorker   com.testapp.bluesky_api_test         D  Empty post content. Post type: app.bsky.feed.post, URI: at://did:plc:liqa5jzb42hdrksxdo36qitn/app.bsky.feed.post/3lsawccyqyd2h
2025-07-22 08:35:46.870  2522-5592  TimelineCrawlerWorker   com.testapp.bluesky_api_test         D  Empty post content. Post type: app.bsky.feed.post, URI: at://did:plc:liqa5jzb42hdrksxdo36qitn/app.bsky.feed.post/3lsawcbbbm52h
2025-07-22 08:35:46.876  2522-5592  TimelineCrawlerWorker   com.testapp.bluesky_api_test         D  Empty post content. Post type: app.bsky.feed.post, URI: at://did:plc:liqa5jzb42hdrksxdo36qitn/app.bsky.feed.post/3lsawc5sgeb2z
2025-07-22 08:35:46.883  2522-5592  TimelineCrawlerWorker   com.testapp.bluesky_api_test         D  Empty post content. Post type: app.bsky.feed.post, URI: at://did:plc:liqa5jzb42hdrksxdo36qitn/app.bsky.feed.post/3lsat4hsfpb2p
2025-07-22 08:35:46.887  2522-5592  TimelineCrawlerWorker   com.testapp.bluesky_api_test         D  Empty post content. Post type: app.bsky.feed.post, URI: at://did:plc:liqa5jzb42hdrksxdo36qitn/app.bsky.feed.post/3lsat4ftru52z
2025-07-22 08:35:46.892  2522-5592  TimelineCrawlerWorker   com.testapp.bluesky_api_test         D  Empty post content. Post type: app.bsky.feed.post, URI: at://did:plc:liqa5jzb42hdrksxdo36qitn/app.bsky.feed.post/3lsapwkhble2p
2025-07-22 08:35:46.898  2522-5592  TimelineCrawlerWorker   com.testapp.bluesky_api_test         D  Empty post content. Post type: app.bsky.feed.post, URI: at://did:plc:liqa5jzb42hdrksxdo36qitn/app.bsky.feed.post/3lsapwiffa225
2025-07-22 08:35:46.907  2522-5592  TimelineCrawlerWorker   com.testapp.bluesky_api_test         D  Empty post content. Post type: app.bsky.feed.post, URI: at://did:plc:liqa5jzb42hdrksxdo36qitn/app.bsky.feed.post/3lsapwglvei2e
2025-07-22 08:35:46.914  2522-5592  TimelineCrawlerWorker   com.testapp.bluesky_api_test         D  Empty post content. Post type: app.bsky.feed.post, URI: at://did:plc:liqa5jzb42hdrksxdo36qitn/app.bsky.feed.post/3lsapwceaka2e
2025-07-22 08:35:46.919  2522-5592  TimelineCrawlerWorker   com.testapp.bluesky_api_test         D  Empty post content. Post type: app.bsky.feed.post, URI: at://did:plc:liqa5jzb42hdrksxdo36qitn/app.bsky.feed.post/3lsamqj2urx25
2025-07-22 08:35:46.930  2522-5592  TimelineCrawlerWorker   com.testapp.bluesky_api_test         D  Empty post content. Post type: app.bsky.feed.post, URI: at://did:plc:liqa5jzb42hdrksxdo36qitn/app.bsky.feed.post/3lsajkohui52v
2025-07-22 08:35:46.934  2522-5592  TimelineCrawlerWorker   com.testapp.bluesky_api_test         D  Empty post content. Post type: app.bsky.feed.post, URI: at://did:plc:liqa5jzb42hdrksxdo36qitn/app.bsky.feed.post/3lsajkmqjoh2s
2025-07-22 08:35:46.946  2522-5592  TimelineCrawlerWorker   com.testapp.bluesky_api_test         D  Empty post content. Post type: app.bsky.feed.post, URI: at://did:plc:liqa5jzb42hdrksxdo36qitn/app.bsky.feed.post/3lsageqo4jc2v
2025-07-22 08:35:46.952  2522-5592  TimelineCrawlerWorker   com.testapp.bluesky_api_test         D  Empty post content. Post type: app.bsky.feed.post, URI: at://did:plc:liqa5jzb42hdrksxdo36qitn/app.bsky.feed.post/3lsageopm532z
2025-07-22 08:35:46.955  2522-5592  TimelineCrawlerWorker   com.testapp.bluesky_api_test         D  Empty post content. Post type: app.bsky.feed.post, URI: at://did:plc:liqa5jzb42hdrksxdo36qitn/app.bsky.feed.post/3lsad6terdf2z
2025-07-22 08:35:46.961  2522-5592  TimelineCrawlerWorker   com.testapp.bluesky_api_test         D  Empty post content. Post type: app.bsky.feed.post, URI: at://did:plc:liqa5jzb42hdrksxdo36qitn/app.bsky.feed.post/3lsa7yuderz2o
2025-07-22 08:35:46.979  2522-5592  TimelineCrawlerWorker   com.testapp.bluesky_api_test         D  Empty post content. Post type: app.bsky.feed.post, URI: at://did:plc:liqa5jzb42hdrksxdo36qitn/app.bsky.feed.post/3lsa4svm6zo22
2025-07-22 08:35:46.998  2522-5592  TimelineCrawlerWorker   com.testapp.bluesky_api_test         D  Empty post content. Post type: app.bsky.feed.post, URI: at://did:plc:liqa5jzb42hdrksxdo36qitn/app.bsky.feed.post/3ls74xjoiye25
2025-07-22 08:35:47.004  2522-5592  TimelineCrawlerWorker   com.testapp.bluesky_api_test         D  Skipping repost: at://did:plc:75uj45ojacfapdpfgqtupy4a/app.bsky.feed.post/3ls6syxuoy72h
2025-07-22 08:35:47.012  2522-5592  TimelineCrawlerWorker   com.testapp.bluesky_api_test         D  Skipping repost: at://did:plc:75uj45ojacfapdpfgqtupy4a/app.bsky.feed.post/3ls6xjsxq7d24
2025-07-22 08:35:47.012  2522-5592  TimelineCrawlerWorker   com.testapp.bluesky_api_test         D  Empty post content. Post type: app.bsky.feed.post, URI: at://did:plc:liqa5jzb42hdrksxdo36qitn/app.bsky.feed.post/3ls6zrnsgtb2t
2025-07-22 08:35:47.036  2522-5592  TimelineCrawlerWorker   com.testapp.bluesky_api_test         D  Empty post content. Post type: app.bsky.feed.post, URI: at://did:plc:liqa5jzb42hdrksxdo36qitn/app.bsky.feed.post/3ls6wlpx7hc2v
2025-07-22 08:35:47.045  2522-5592  TimelineCrawlerWorker   com.testapp.bluesky_api_test         D  Empty post content. Post type: app.bsky.feed.post, URI: at://did:plc:liqa5jzb42hdrksxdo36qitn/app.bsky.feed.post/3ls6tfrmv3u2s
2025-07-22 08:35:47.061  2522-5592  TimelineCrawlerWorker   com.testapp.bluesky_api_test         D  Empty post content. Post type: app.bsky.feed.post, URI: at://did:plc:liqa5jzb42hdrksxdo36qitn/app.bsky.feed.post/3ls6q7y6dcl2s
2025-07-22 08:35:47.073  2522-5592  TimelineCrawlerWorker   com.testapp.bluesky_api_test         D  Empty post content. Post type: app.bsky.feed.post, URI: at://did:plc:liqa5jzb42hdrksxdo36qitn/app.bsky.feed.post/3ls6n246iv42x
2025-07-22 08:35:47.083  2522-5592  TimelineCrawlerWorker   com.testapp.bluesky_api_test         D  Empty post content. Post type: app.bsky.feed.post, URI: at://did:plc:liqa5jzb42hdrksxdo36qitn/app.bsky.feed.post/3ls6n22fwvy2k
2025-07-22 08:35:47.092  2522-5592  TimelineCrawlerWorker   com.testapp.bluesky_api_test         D  Skipping repost: at://did:plc:w3tnzlqdztocu7pcadxbcxrt/app.bsky.feed.post/3ls6me2nlys2p
2025-07-22 08:35:47.092  2522-5592  TimelineCrawlerWorker   com.testapp.bluesky_api_test         D  Empty post content. Post type: app.bsky.feed.post, URI: at://did:plc:liqa5jzb42hdrksxdo36qitn/app.bsky.feed.post/3ls6jtygw542z
2025-07-22 08:35:47.120  2522-5592  TimelineCrawlerWorker   com.testapp.bluesky_api_test         D  Empty post content. Post type: app.bsky.feed.post, URI: at://did:plc:liqa5jzb42hdrksxdo36qitn/app.bsky.feed.post/3ls6goc6ogr2h
2025-07-22 08:35:47.134  2522-5592  TimelineCrawlerWorker   com.testapp.bluesky_api_test         D  Empty post content. Post type: app.bsky.feed.post, URI: at://did:plc:liqa5jzb42hdrksxdo36qitn/app.bsky.feed.post/3ls6goaevtg2s
2025-07-22 08:35:47.147  2522-5592  TimelineCrawlerWorker   com.testapp.bluesky_api_test         D  Empty post content. Post type: app.bsky.feed.post, URI: at://did:plc:liqa5jzb42hdrksxdo36qitn/app.bsky.feed.post/3ls6dmjbyzw2z
2025-07-22 08:35:47.156  2522-5592  TimelineCrawlerWorker   com.testapp.bluesky_api_test         D  Empty post content. Post type: app.bsky.feed.post, URI: at://did:plc:liqa5jzb42hdrksxdo36qitn/app.bsky.feed.post/3ls6acd2rri2p
2025-07-22 08:35:47.169  2522-5592  TimelineCrawlerWorker   com.testapp.bluesky_api_test         D  Empty post content. Post type: app.bsky.feed.post, URI: at://did:plc:liqa5jzb42hdrksxdo36qitn/app.bsky.feed.post/3ls6ac772z22s
2025-07-22 08:35:47.226  2522-5592  TimelineCrawlerWorker   com.testapp.bluesky_api_test         D  Empty post content. Post type: app.bsky.feed.post, URI: at://did:plc:liqa5jzb42hdrksxdo36qitn/app.bsky.feed.post/3ls5zwijxtv2z
2025-07-22 08:35:47.244  2522-5592  TimelineCrawlerWorker   com.testapp.bluesky_api_test         D  Empty post content. Post type: app.bsky.feed.post, URI: at://did:plc:liqa5jzb42hdrksxdo36qitn/app.bsky.feed.post/3ls5zwfjgbl2k
2025-07-22 08:35:47.252  2522-5592  TimelineCrawlerWorker   com.testapp.bluesky_api_test         D  Empty post content. Post type: app.bsky.feed.post, URI: at://did:plc:liqa5jzb42hdrksxdo36qitn/app.bsky.feed.post/3ls5wqlumor2x
2025-07-22 08:35:47.261  2522-5592  TimelineCrawlerWorker   com.testapp.bluesky_api_test         D  Empty post content. Post type: app.bsky.feed.post, URI: at://did:plc:liqa5jzb42hdrksxdo36qitn/app.bsky.feed.post/3ls5wqj3ttv2h
2025-07-22 08:35:47.280  2522-5592  TimelineCrawlerWorker   com.testapp.bluesky_api_test         D  Empty post content. Post type: app.bsky.feed.post, URI: at://did:plc:liqa5jzb42hdrksxdo36qitn/app.bsky.feed.post/3ls5tkop4ox2z
2025-07-22 08:35:47.295  2522-5592  TimelineCrawlerWorker   com.testapp.bluesky_api_test         D  Empty post content. Post type: app.bsky.feed.post, URI: at://did:plc:liqa5jzb42hdrksxdo36qitn/app.bsky.feed.post/3ls5tkmy22y2o
2025-07-22 08:35:47.314  2522-5592  TimelineCrawlerWorker   com.testapp.bluesky_api_test         D  Empty post content. Post type: app.bsky.feed.post, URI: at://did:plc:liqa5jzb42hdrksxdo36qitn/app.bsky.feed.post/3ls5qeq37tv2o
2025-07-22 08:35:47.327  2522-5592  TimelineCrawlerWorker   com.testapp.bluesky_api_test         D  Empty post content. Post type: app.bsky.feed.post, URI: at://did:plc:liqa5jzb42hdrksxdo36qitn/app.bsky.feed.post/3ls5n6tiedp25
