2025-07-23 10:05:52.313  2797-2797  luesky_api_test         com.testapp.bluesky_api_test         I  Late-enabling -Xcheck:jni
2025-07-23 10:05:52.463  2797-2797  luesky_api_test         com.testapp.bluesky_api_test         I  Using CollectorTypeCMC GC.
2025-07-23 10:05:52.478  2797-2797  luesky_api_test         com.testapp.bluesky_api_test         W  Unexpected CPU variant for x86: x86_64.
                                                                                                    Known variants: atom, sandybridge, silvermont, goldmont, goldmont-plus, goldmont-without-sha-xsaves, tremont, kabylake, alderlake, default
2025-07-23 10:05:52.804  2797-2797  nativeloader            com.testapp.bluesky_api_test         D  Load libframework-connectivity-tiramisu-jni.so using APEX ns com_android_tethering for caller /apex/com.android.tethering/javalib/framework-connectivity-t.jar: ok
2025-07-23 10:05:54.926  2797-2797  ApplicationLoaders      com.testapp.bluesky_api_test         D  Returning zygote-cached class loader: /system_ext/framework/androidx.window.extensions.jar
2025-07-23 10:05:54.928  2797-2797  ApplicationLoaders      com.testapp.bluesky_api_test         D  Returning zygote-cached class loader: /system_ext/framework/androidx.window.sidecar.jar
2025-07-23 10:05:55.721  2797-2797  nativeloader            com.testapp.bluesky_api_test         D  Configuring clns-9 for other apk /data/app/~~QrMEVsEnbygiNtjpvvIx_Q==/com.testapp.bluesky_api_test-GvfQuZaNP4p_5_8W8Nwk_A==/base.apk. target_sdk_version=35, uses_libraries=, library_path=/data/app/~~QrMEVsEnbygiNtjpvvIx_Q==/com.testapp.bluesky_api_test-GvfQuZaNP4p_5_8W8Nwk_A==/lib/x86_64, permitted_path=/data:/mnt/expand:/data/user/0/com.testapp.bluesky_api_test
2025-07-23 10:05:55.772  2797-2797  CompatChangeReporter    com.testapp.bluesky_api_test         D  Compat change id reported: 202956589; UID 10215; state: ENABLED
2025-07-23 10:05:55.800  2797-2797  luesky_api_test         com.testapp.bluesky_api_test         I  AssetManager2(0x742c45345558) locale list changing from [] to [en-US]
2025-07-23 10:05:55.832  2797-2797  GraphicsEnvironment     com.testapp.bluesky_api_test         V  Currently set values for:
2025-07-23 10:05:55.832  2797-2797  GraphicsEnvironment     com.testapp.bluesky_api_test         V    angle_gl_driver_selection_pkgs=[]
2025-07-23 10:05:55.832  2797-2797  GraphicsEnvironment     com.testapp.bluesky_api_test         V    angle_gl_driver_selection_values=[]
2025-07-23 10:05:55.832  2797-2797  GraphicsEnvironment     com.testapp.bluesky_api_test         V  com.testapp.bluesky_api_test is not listed in per-application setting
2025-07-23 10:05:55.832  2797-2797  GraphicsEnvironment     com.testapp.bluesky_api_test         V  ANGLE allowlist from config: 
2025-07-23 10:05:55.833  2797-2797  GraphicsEnvironment     com.testapp.bluesky_api_test         V  com.testapp.bluesky_api_test is not listed in ANGLE allowlist or settings, returning default
2025-07-23 10:05:55.833  2797-2797  GraphicsEnvironment     com.testapp.bluesky_api_test         V  Neither updatable production driver nor prerelease driver is supported.
2025-07-23 10:05:55.937  2797-2797  WM-WrkMgrInitializer    com.testapp.bluesky_api_test         D  Initializing WorkManager with default configuration.
2025-07-23 10:05:56.048  2797-2885  ApplicationLoaders      com.testapp.bluesky_api_test         D  Returning zygote-cached class loader: /system/framework/org.apache.http.legacy.jar
2025-07-23 10:05:56.048  2797-2885  ApplicationLoaders      com.testapp.bluesky_api_test         D  Returning zygote-cached class loader: /system/framework/com.android.media.remotedisplay.jar
2025-07-23 10:05:56.048  2797-2885  ApplicationLoaders      com.testapp.bluesky_api_test         D  Returning zygote-cached class loader: /system/framework/com.android.location.provider.jar
2025-07-23 10:05:56.048  2797-2885  ApplicationLoaders      com.testapp.bluesky_api_test         D  Returning zygote-cached class loader: /system_ext/framework/androidx.window.extensions.jar
2025-07-23 10:05:56.049  2797-2885  ApplicationLoaders      com.testapp.bluesky_api_test         D  Returning zygote-cached class loader: /system_ext/framework/androidx.window.sidecar.jar
2025-07-23 10:05:56.084  2797-2885  luesky_api_test         com.testapp.bluesky_api_test         W  Loading /data/app/~~cGbSZox2SjbnLrOq4DIBDg==/com.google.android.gms-arP-Zm0TbzOIt5vD-4JI9g==/oat/x86_64/base.odex non-executable as it requires an image which we failed to load
2025-07-23 10:05:56.094  2797-2885  nativeloader            com.testapp.bluesky_api_test         D  Configuring clns-10 for other apk /data/app/~~cGbSZox2SjbnLrOq4DIBDg==/com.google.android.gms-arP-Zm0TbzOIt5vD-4JI9g==/base.apk. target_sdk_version=36, uses_libraries=, library_path=/data/app/~~cGbSZox2SjbnLrOq4DIBDg==/com.google.android.gms-arP-Zm0TbzOIt5vD-4JI9g==/lib/x86_64:/data/app/~~cGbSZox2SjbnLrOq4DIBDg==/com.google.android.gms-arP-Zm0TbzOIt5vD-4JI9g==/base.apk!/lib/x86_64, permitted_path=/data:/mnt/expand:/data/user/0/com.google.android.gms
2025-07-23 10:05:56.333  2797-2885  luesky_api_test         com.testapp.bluesky_api_test         I  AssetManager2(0x742c45345b98) locale list changing from [] to [en-US]
2025-07-23 10:05:56.472  2797-2797  WM-PackageManagerHelper com.testapp.bluesky_api_test         D  Skipping component enablement for androidx.work.impl.background.systemjob.SystemJobService
2025-07-23 10:05:56.472  2797-2797  WM-Schedulers           com.testapp.bluesky_api_test         D  Created SystemJobScheduler and enabled SystemJobService
2025-07-23 10:05:56.717  2797-2797  CompatChangeReporter    com.testapp.bluesky_api_test         D  Compat change id reported: 279646685; UID 10215; state: ENABLED
2025-07-23 10:05:56.947  2797-2924  DynamiteModule          com.testapp.bluesky_api_test         W  Local module descriptor class for com.google.android.gms.measurement.dynamite not found.
2025-07-23 10:05:57.003  2797-2908  ashmem                  com.testapp.bluesky_api_test         E  Pinning is deprecated since Android Q. Please use trim or other methods.
2025-07-23 10:05:57.261  2797-2924  luesky_api_test         com.testapp.bluesky_api_test         W  ClassLoaderContext classpath size mismatch. expected=1, found=0 (DLC[];PCL[base.apk*867641888]{PCL[/system/framework/org.apache.http.legacy.jar*4247870504]#PCL[/system/framework/com.android.media.remotedisplay.jar*487574312]#PCL[/system/framework/com.android.location.provider.jar*1570284764]#PCL[/system_ext/framework/androidx.window.extensions.jar*1030441313]#PCL[/system_ext/framework/androidx.window.sidecar.jar*3860983653]} | DLC[];PCL[])
2025-07-23 10:05:57.281  2797-2924  DynamiteModule          com.testapp.bluesky_api_test         I  Considering local module com.google.android.gms.measurement.dynamite:0 and remote module com.google.android.gms.measurement.dynamite:153
2025-07-23 10:05:57.281  2797-2924  DynamiteModule          com.testapp.bluesky_api_test         I  Selected remote version of com.google.android.gms.measurement.dynamite, version >= 153
2025-07-23 10:05:57.282  2797-2924  DynamiteModule          com.testapp.bluesky_api_test         V  Dynamite loader version >= 2, using loadModule2NoCrashUtils
2025-07-23 10:05:57.311  2797-2908  CompatChangeReporter    com.testapp.bluesky_api_test         D  Compat change id reported: 311402873; UID 10215; state: ENABLED
2025-07-23 10:05:57.311  2797-2797  luesky_api_test         com.testapp.bluesky_api_test         I  AssetManager2(0x742c45347df8) locale list changing from [] to [en-US]
2025-07-23 10:05:57.316  2797-2885  DynamiteModule          com.testapp.bluesky_api_test         I  Considering local module com.google.android.gms.ads.dynamite:0 and remote module com.google.android.gms.ads.dynamite:250505301
2025-07-23 10:05:57.316  2797-2885  DynamiteModule          com.testapp.bluesky_api_test         I  Selected remote version of com.google.android.gms.ads.dynamite, version >= 250505301
2025-07-23 10:05:57.316  2797-2885  DynamiteModule          com.testapp.bluesky_api_test         V  Dynamite loader version >= 2, using loadModule2NoCrashUtils
2025-07-23 10:05:57.317  2797-2908  CompatChangeReporter    com.testapp.bluesky_api_test         D  Compat change id reported: 323349338; UID 10215; state: ENABLED
2025-07-23 10:05:57.320  2797-2933  DisplayManager          com.testapp.bluesky_api_test         I  Choreographer implicitly registered for the refresh rate.
2025-07-23 10:05:57.402  2797-2924  System                  com.testapp.bluesky_api_test         W  ClassLoader referenced unknown path: 
2025-07-23 10:05:57.408  2797-2924  nativeloader            com.testapp.bluesky_api_test         D  Configuring clns-11 for other apk . target_sdk_version=36, uses_libraries=, library_path=/data/app/~~cGbSZox2SjbnLrOq4DIBDg==/com.google.android.gms-arP-Zm0TbzOIt5vD-4JI9g==/lib/x86_64:/data/app/~~cGbSZox2SjbnLrOq4DIBDg==/com.google.android.gms-arP-Zm0TbzOIt5vD-4JI9g==/base.apk!/lib/x86_64, permitted_path=/data:/mnt/expand:/data/user/0/com.google.android.gms
2025-07-23 10:05:57.583  2797-2797  AppCompatDelegate       com.testapp.bluesky_api_test         D  Checking for metadata for AppLocalesMetadataHolderService : Service not found
2025-07-23 10:05:57.584  2797-2797  luesky_api_test         com.testapp.bluesky_api_test         I  AssetManager2(0x742c4534aff8) locale list changing from [] to [en-US]
2025-07-23 10:05:57.634  2797-2924  luesky_api_test         com.testapp.bluesky_api_test         W  ClassLoaderContext classpath element checksum mismatch. expected=867641888, found=2325185114 (DLC[];PCL[base.apk*867641888]{PCL[/system/framework/org.apache.http.legacy.jar*4247870504]#PCL[/system/framework/com.android.media.remotedisplay.jar*487574312]#PCL[/system/framework/com.android.location.provider.jar*1570284764]#PCL[/system_ext/framework/androidx.window.extensions.jar*1030441313]#PCL[/system_ext/framework/androidx.window.sidecar.jar*3860983653]} | DLC[];PCL[/data/app/~~QrMEVsEnbygiNtjpvvIx_Q==/com.testapp.bluesky_api_test-GvfQuZaNP4p_5_8W8Nwk_A==/base.apk*2325185114]{PCL[/system_ext/framework/androidx.window.extensions.jar*1030441313]#PCL[/system_ext/framework/androidx.window.sidecar.jar*3860983653]})
2025-07-23 10:05:57.655  2797-2933  EGL_emulation           com.testapp.bluesky_api_test         I  Opening libGLESv1_CM_emulation.so
2025-07-23 10:05:57.655  2797-2933  EGL_emulation           com.testapp.bluesky_api_test         I  Opening libGLESv2_emulation.so
2025-07-23 10:05:57.668  2797-2933  HWUI                    com.testapp.bluesky_api_test         W  Failed to choose config with EGL_SWAP_BEHAVIOR_PRESERVED, retrying without...
2025-07-23 10:05:57.669  2797-2933  HWUI                    com.testapp.bluesky_api_test         W  Failed to initialize 101010-2 format, error = EGL_SUCCESS
2025-07-23 10:05:57.698  2797-2924  luesky_api_test         com.testapp.bluesky_api_test         I  AssetManager2(0x742c45349d38) locale list changing from [] to [en-US]
2025-07-23 10:05:57.702  2797-2924  luesky_api_test         com.testapp.bluesky_api_test         I  AssetManager2(0x742c4534bc78) locale list changing from [] to [en-US]
2025-07-23 10:05:57.787  2797-2924  DynamiteModule          com.testapp.bluesky_api_test         W  Local module descriptor class for com.google.android.gms.measurement.dynamite not found.
2025-07-23 10:05:57.799  2797-2885  luesky_api_test         com.testapp.bluesky_api_test         W  ClassLoaderContext classpath element checksum mismatch. expected=867641888, found=2325185114 (DLC[];PCL[base.apk*867641888]{PCL[/system/framework/org.apache.http.legacy.jar*4247870504]#PCL[/system/framework/com.android.media.remotedisplay.jar*487574312]#PCL[/system/framework/com.android.location.provider.jar*1570284764]#PCL[/system_ext/framework/androidx.window.extensions.jar*1030441313]#PCL[/system_ext/framework/androidx.window.sidecar.jar*3860983653]} | DLC[];PCL[/data/app/~~QrMEVsEnbygiNtjpvvIx_Q==/com.testapp.bluesky_api_test-GvfQuZaNP4p_5_8W8Nwk_A==/base.apk*2325185114]{PCL[/system_ext/framework/androidx.window.extensions.jar*1030441313]#PCL[/system_ext/framework/androidx.window.sidecar.jar*3860983653]})
2025-07-23 10:05:57.855  2797-2885  luesky_api_test         com.testapp.bluesky_api_test         I  AssetManager2(0x742c45342038) locale list changing from [] to [en-US]
2025-07-23 10:05:58.092  2797-2797  CompatChangeReporter    com.testapp.bluesky_api_test         D  Compat change id reported: 309578419; UID 10215; state: ENABLED
2025-07-23 10:05:58.100  2797-2797  DesktopModeFlags        com.testapp.bluesky_api_test         D  Toggle override initialized to: OVERRIDE_UNSET
2025-07-23 10:05:58.174  2797-2797  luesky_api_test         com.testapp.bluesky_api_test         I  hiddenapi: Accessing hidden method Landroid/view/ViewGroup;->makeOptionalFitsSystemWindows()V (runtime_flags=0, domain=platform, api=unsupported) from Landroidx/appcompat/widget/ViewUtils; (domain=app) using reflection: allowed
2025-07-23 10:05:58.299  2797-2797  CompatChangeReporter    com.testapp.bluesky_api_test         D  Compat change id reported: 63938206; UID 10215; state: ENABLED
2025-07-23 10:05:58.308  2797-2948  luesky_api_test         com.testapp.bluesky_api_test         E  No package ID 6a found for resource ID 0x6a0b000f.
2025-07-23 10:05:58.357  2797-2948  FA                      com.testapp.bluesky_api_test         I  App measurement initialized, version: 131000
2025-07-23 10:05:58.357  2797-2948  FA                      com.testapp.bluesky_api_test         I  To enable debug logging run: adb shell setprop log.tag.FA VERBOSE
2025-07-23 10:05:58.357  2797-2948  FA                      com.testapp.bluesky_api_test         I  To enable faster debug mode event logging run:
                                                                                                      adb shell setprop debug.firebase.analytics.app com.testapp.bluesky_api_test
2025-07-23 10:05:58.511  2797-2797  CompatChangeReporter    com.testapp.bluesky_api_test         D  Compat change id reported: 352594277; UID 10215; state: ENABLED
2025-07-23 10:05:58.573  2797-2797  CompatChangeReporter    com.testapp.bluesky_api_test         D  Compat change id reported: 349153669; UID 10215; state: ENABLED
2025-07-23 10:05:58.594  2797-2797  HWUI                    com.testapp.bluesky_api_test         W  Unknown dataspace 0
2025-07-23 10:05:58.789  2797-2948  FA                      com.testapp.bluesky_api_test         E  Missing google_app_id. Firebase Analytics disabled. See https://goo.gl/NAOOOI
2025-07-23 10:05:58.789  2797-2948  FA                      com.testapp.bluesky_api_test         E  Uploading is not possible. App measurement disabled
2025-07-23 10:05:59.058  2797-2948  FA                      com.testapp.bluesky_api_test         I  Tag Manager is not found and thus will not be used
2025-07-23 10:05:59.569  2797-2797  Choreographer           com.testapp.bluesky_api_test         I  Skipped 50 frames!  The application may be doing too much work on its main thread.
2025-07-23 10:05:59.626  2797-2978  HWUI                    com.testapp.bluesky_api_test         I  Davey! duration=911ms; Flags=1, FrameTimelineVsyncId=12145, IntendedVsync=84570596240, Vsync=84637262904, InputEventId=0, HandleInputStart=84639664600, AnimationStart=84639863200, PerformTraversalsStart=84639982100, DrawStart=85170303200, FrameDeadline=84587262906, FrameStartTime=84639599500, FrameInterval=16666666, WorkloadTarget=16666666, SyncQueued=85288534100, SyncStart=85293482600, IssueDrawCommandsStart=85294429700, SwapBuffers=85461081900, FrameCompleted=85486951200, DequeueBufferDuration=71600, QueueBufferDuration=2824900, GpuCompleted=85486520900, SwapBuffersCompleted=85486951200, DisplayPresentTime=0, CommandSubmissionCompleted=85461081900, 
2025-07-23 10:05:59.692  2797-2978  HWUI                    com.testapp.bluesky_api_test         I  Davey! duration=949ms; Flags=0, FrameTimelineVsyncId=12168, IntendedVsync=84653929570, Vsync=85487262870, InputEventId=0, HandleInputStart=85550578000, AnimationStart=85550662600, PerformTraversalsStart=85559617300, DrawStart=85563032600, FrameDeadline=85503929536, FrameStartTime=85503757200, FrameInterval=16666666, WorkloadTarget=16666666, SyncQueued=85567106600, SyncStart=85567985700, IssueDrawCommandsStart=85573165800, SwapBuffers=85578848600, FrameCompleted=85603948600, DequeueBufferDuration=25700, QueueBufferDuration=922100, GpuCompleted=85603948600, SwapBuffersCompleted=85591439000, DisplayPresentTime=0, CommandSubmissionCompleted=85578848600, 
2025-07-23 10:06:00.085  2797-2797  InsetsController        com.testapp.bluesky_api_test         D  hide(ime(), fromIme=false)
2025-07-23 10:06:00.102  2797-2797  ImeTracker              com.testapp.bluesky_api_test         I  com.testapp.bluesky_api_test:ff590d80: onCancelled at PHASE_CLIENT_ALREADY_HIDDEN
2025-07-23 10:06:02.454  2797-3025  ProfileInstaller        com.testapp.bluesky_api_test         D  Installing profile for com.testapp.bluesky_api_test
2025-07-23 10:06:09.384  2797-2804  luesky_api_test         com.testapp.bluesky_api_test         I  Compiler allocated 5042KB to compile void android.view.ViewRootImpl.performTraversals()
2025-07-23 10:06:18.615  2797-3443  luesky_api_test         com.testapp.bluesky_api_test         W  Verification of void work.socialhub.kbsky.util.json.AnySerializer.serialize(kotlinx.serialization.encoding.Encoder, java.lang.Object) took 189.275ms (1838.59 bytecodes/s) (0B arena alloc)
2025-07-23 10:06:18.699  2797-2805  luesky_api_test         com.testapp.bluesky_api_test         W  Suspending all threads took: 27.844ms
2025-07-23 10:06:18.942  2797-2805  luesky_api_test         com.testapp.bluesky_api_test         I  Background concurrent mark compact GC freed 3345KB AllocSpace bytes, 8(288KB) LOS objects, 49% free, 4138KB/8277KB, paused 108.862ms,23.091ms total 849.145ms
2025-07-23 10:06:20.949  2797-3443  System.err              com.testapp.bluesky_api_test         W  SLF4J(W): No SLF4J providers were found.
2025-07-23 10:06:20.954  2797-3443  System.err              com.testapp.bluesky_api_test         W  SLF4J(W): Defaulting to no-operation (NOP) logger implementation
2025-07-23 10:06:20.954  2797-3443  System.err              com.testapp.bluesky_api_test         W  SLF4J(W): See https://www.slf4j.org/codes.html#noProviders for further details.
2025-07-23 10:06:23.574  2797-3443  LoginActivity           com.testapp.bluesky_api_test         E  Pushed Authorization Requestに失敗しました: invalid_request: Validation of "redirect_uri" body parameter failed: URL must use the "http:" protocol
                                                                                                    work.socialhub.kbsky.ATProtocolException: invalid_request: Validation of "redirect_uri" body parameter failed: URL must use the "http:" protocol
                                                                                                    	at work.socialhub.kbsky.internal.share._InternalUtility.handleError(_InternalUtility.kt:112)
                                                                                                    	at work.socialhub.kbsky.auth.internal._OAuthResource.pushedAuthorizationRequest(_OAuthResource.kt:259)
                                                                                                    	at com.testapp.bluesky_api_test.ui.LoginActivity.lambda$initiateOAuthFlow$3$com-testapp-bluesky_api_test-ui-LoginActivity(LoginActivity.java:81)
                                                                                                    	at com.testapp.bluesky_api_test.ui.LoginActivity$$ExternalSyntheticLambda7.run(D8$$SyntheticClass:0)
                                                                                                    	at java.util.concurrent.ThreadPoolExecutor.runWorker(ThreadPoolExecutor.java:1156)
                                                                                                    	at java.util.concurrent.ThreadPoolExecutor$Worker.run(ThreadPoolExecutor.java:651)
                                                                                                    	at java.lang.Thread.run(Thread.java:1119)
