2025-07-16 10:18:03.460  2672-4002  System.out              com.testapp.bluesky_api_test         I  [Warning] Unknown Item type: app.bsky.feed.threadgate#followerRule (ThreadgateAllowUnion)
2025-07-16 10:18:03.461  2672-4002  System.out              com.testapp.bluesky_api_test         I  [Warning] Unknown Item type: app.bsky.feed.threadgate#followerRule (ThreadgateAllowUnion)
2025-07-16 10:18:04.115  2672-4002  System.out              com.testapp.bluesky_api_test         I  [Warning] Unknown Item type: app.bsky.feed.threadgate#followerRule (ThreadgateAllowUnion)
2025-07-16 10:18:04.119  2672-4002  System.out              com.testapp.bluesky_api_test         I  [Warning] Unknown Item type: app.bsky.feed.threadgate#followerRule (ThreadgateAllowUnion)
2025-07-16 10:18:04.120  2672-4002  System.out              com.testapp.bluesky_api_test         I  [Warning] Unknown Item type: app.bsky.feed.threadgate#followerRule (ThreadgateAllowUnion)
2025-07-16 10:18:04.120  2672-4002  System.out              com.testapp.bluesky_api_test         I  [Warning] Unknown Item type: app.bsky.feed.threadgate#followerRule (ThreadgateAllowUnion)
2025-07-16 10:18:04.127  2672-4002  System.out              com.testapp.bluesky_api_test         I  [Warning] Unknown Item type: app.bsky.feed.threadgate#followerRule (ThreadgateAllowUnion)
2025-07-16 10:18:04.138  2672-4002  System.out              com.testapp.bluesky_api_test         I  [Warning] Unknown Item type: app.bsky.feed.threadgate#followerRule (ThreadgateAllowUnion)
2025-07-16 10:18:04.138  2672-4002  System.out              com.testapp.bluesky_api_test         I  [Warning] Unknown Item type: app.bsky.feed.threadgate#followerRule (ThreadgateAllowUnion)
2025-07-16 10:18:04.171  2672-4002  System.out              com.testapp.bluesky_api_test         I  [Warning] Unknown Item type: app.bsky.feed.threadgate#followerRule (ThreadgateAllowUnion)
2025-07-16 10:18:04.176  2672-4002  System.out              com.testapp.bluesky_api_test         I  [Warning] Unknown Item type: app.bsky.feed.threadgate#followerRule (ThreadgateAllowUnion)
2025-07-16 10:18:04.269  2672-4002  System.out              com.testapp.bluesky_api_test         I  [Warning] Unknown Item type: app.bsky.feed.threadgate#followerRule (ThreadgateAllowUnion)
2025-07-16 10:18:04.417  2672-4002  System.out              com.testapp.bluesky_api_test         I  [Warning] Unknown Item type: app.bsky.feed.threadgate#followerRule (ThreadgateAllowUnion)
2025-07-16 10:18:04.460  2672-4002  System.out              com.testapp.bluesky_api_test         I  [Warning] Unknown Item type: app.bsky.feed.threadgate#followerRule (ThreadgateAllowUnion)
2025-07-16 10:18:04.570  2672-4002  System.out              com.testapp.bluesky_api_test         I  [Warning] Unknown Item type: app.bsky.feed.threadgate#followerRule (ThreadgateAllowUnion)
2025-07-16 10:18:04.571  2672-4002  System.out              com.testapp.bluesky_api_test         I  [Warning] Unknown Item type: app.bsky.feed.threadgate#followerRule (ThreadgateAllowUnion)
2025-07-16 10:18:04.579  2672-4002  System.out              com.testapp.bluesky_api_test         I  [Warning] Unknown Item type: app.bsky.feed.threadgate#followerRule (ThreadgateAllowUnion)
2025-07-16 10:18:04.603  2672-4002  System.out              com.testapp.bluesky_api_test         I  [Warning] Unknown Item type: app.bsky.feed.threadgate#followerRule (ThreadgateAllowUnion)
2025-07-16 10:18:04.611  2672-4002  System.out              com.testapp.bluesky_api_test         I  [Warning] Unknown Item type: app.bsky.feed.threadgate#followerRule (ThreadgateAllowUnion)
2025-07-16 10:18:04.630  2672-4002  System.out              com.testapp.bluesky_api_test         I  [Warning] Unknown Item type: app.bsky.feed.threadgate#followerRule (ThreadgateAllowUnion)
2025-07-16 10:18:04.638  2672-4002  System.out              com.testapp.bluesky_api_test         I  [Warning] Unknown Item type: app.bsky.feed.threadgate#followerRule (ThreadgateAllowUnion)
2025-07-16 10:18:04.638  2672-4002  System.out              com.testapp.bluesky_api_test         I  [Warning] Unknown Item type: app.bsky.feed.threadgate#followerRule (ThreadgateAllowUnion)
2025-07-16 10:18:04.709  2672-4002  System.out              com.testapp.bluesky_api_test         I  [Warning] Unknown Item type: app.bsky.feed.threadgate#followerRule (ThreadgateAllowUnion)
2025-07-16 10:18:04.711  2672-4002  System.out              com.testapp.bluesky_api_test         I  [Warning] Unknown Item type: app.bsky.feed.threadgate#followerRule (ThreadgateAllowUnion)
2025-07-16 10:18:04.712  2672-4002  System.out              com.testapp.bluesky_api_test         I  [Warning] Unknown Item type: app.bsky.feed.threadgate#followerRule (ThreadgateAllowUnion)
2025-07-16 10:18:04.712  2672-4002  System.out              com.testapp.bluesky_api_test         I  [Warning] Unknown Item type: app.bsky.feed.threadgate#followerRule (ThreadgateAllowUnion)
2025-07-16 10:18:04.716  2672-4002  System.out              com.testapp.bluesky_api_test         I  [Warning] Unknown Item type: app.bsky.feed.threadgate#followerRule (ThreadgateAllowUnion)
2025-07-16 10:18:04.727  2672-4002  System.out              com.testapp.bluesky_api_test         I  [Warning] Unknown Item type: app.bsky.feed.threadgate#followerRule (ThreadgateAllowUnion)
2025-07-16 10:18:04.728  2672-4002  System.out              com.testapp.bluesky_api_test         I  [Warning] Unknown Item type: app.bsky.feed.threadgate#followerRule (ThreadgateAllowUnion)
2025-07-16 10:18:04.735  2672-4002  System.out              com.testapp.bluesky_api_test         I  [Warning] Unknown Item type: app.bsky.feed.threadgate#followerRule (ThreadgateAllowUnion)
2025-07-16 10:18:04.739  2672-4002  System.out              com.testapp.bluesky_api_test         I  [Warning] Unknown Item type: app.bsky.feed.threadgate#followerRule (ThreadgateAllowUnion)
2025-07-16 10:18:04.747  2672-4002  System.out              com.testapp.bluesky_api_test         I  [Warning] Unknown Item type: app.bsky.feed.threadgate#followerRule (ThreadgateAllowUnion)
2025-07-16 10:18:04.747  2672-4002  System.out              com.testapp.bluesky_api_test         I  [Warning] Unknown Item type: app.bsky.feed.threadgate#followerRule (ThreadgateAllowUnion)
2025-07-16 10:18:04.748  2672-4002  System.out              com.testapp.bluesky_api_test         I  [Warning] Unknown Item type: app.bsky.feed.threadgate#followerRule (ThreadgateAllowUnion)
2025-07-16 10:18:04.806  2672-2711  luesky_api_test         com.testapp.bluesky_api_test         I  Background concurrent mark compact GC freed 5717KB AllocSpace bytes, 14(4144KB) LOS objects, 49% free, 10MB/20MB, paused 12.708ms,5.007ms total 694.296ms
2025-07-16 10:18:05.314  2672-4002  System.out              com.testapp.bluesky_api_test         I  [Warning] Unknown Item type: app.bsky.feed.threadgate#followerRule (ThreadgateAllowUnion)
2025-07-16 10:18:05.315  2672-4002  System.out              com.testapp.bluesky_api_test         I  [Warning] Unknown Item type: app.bsky.feed.threadgate#followerRule (ThreadgateAllowUnion)
2025-07-16 10:18:05.315  2672-4002  System.out              com.testapp.bluesky_api_test         I  [Warning] Unknown Item type: app.bsky.feed.threadgate#followerRule (ThreadgateAllowUnion)
2025-07-16 10:18:05.317  2672-4002  System.out              com.testapp.bluesky_api_test         I  [Warning] Unknown Item type: app.bsky.feed.threadgate#followerRule (ThreadgateAllowUnion)
2025-07-16 10:18:05.319  2672-4002  System.out              com.testapp.bluesky_api_test         I  [Warning] Unknown Item type: app.bsky.feed.threadgate#followerRule (ThreadgateAllowUnion)
2025-07-16 10:18:05.320  2672-4002  System.out              com.testapp.bluesky_api_test         I  [Warning] Unknown Item type: app.bsky.feed.threadgate#followerRule (ThreadgateAllowUnion)
2025-07-16 10:18:05.320  2672-4002  System.out              com.testapp.bluesky_api_test         I  [Warning] Unknown Item type: app.bsky.feed.threadgate#followerRule (ThreadgateAllowUnion)
2025-07-16 10:18:05.330  2672-4002  System.out              com.testapp.bluesky_api_test         I  [Warning] Unknown Item type: app.bsky.feed.threadgate#followerRule (ThreadgateAllowUnion)
2025-07-16 10:18:05.333  2672-4002  System.out              com.testapp.bluesky_api_test         I  [Warning] Unknown Item type: app.bsky.feed.threadgate#followerRule (ThreadgateAllowUnion)
2025-07-16 10:18:05.335  2672-4002  System.out              com.testapp.bluesky_api_test         I  [Warning] Unknown Item type: app.bsky.feed.threadgate#followerRule (ThreadgateAllowUnion)
2025-07-16 10:18:05.337  2672-4002  System.out              com.testapp.bluesky_api_test         I  [Warning] Unknown Item type: app.bsky.feed.threadgate#followerRule (ThreadgateAllowUnion)
2025-07-16 10:18:05.348  2672-4002  System.out              com.testapp.bluesky_api_test         I  [Warning] Unknown Item type: app.bsky.feed.threadgate#followerRule (ThreadgateAllowUnion)
2025-07-16 10:18:05.394  2672-4002  System.out              com.testapp.bluesky_api_test         I  [Warning] Unknown Item type: app.bsky.feed.threadgate#followerRule (ThreadgateAllowUnion)
2025-07-16 10:18:05.452  2672-4002  System.out              com.testapp.bluesky_api_test         I  [Warning] Unknown Item type: app.bsky.feed.threadgate#followerRule (ThreadgateAllowUnion)
2025-07-16 10:18:05.459  2672-4002  System.out              com.testapp.bluesky_api_test         I  [Warning] Unknown Item type: app.bsky.feed.threadgate#followerRule (ThreadgateAllowUnion)
2025-07-16 10:18:05.466  2672-4002  System.out              com.testapp.bluesky_api_test         I  [Warning] Unknown Item type: app.bsky.feed.threadgate#followerRule (ThreadgateAllowUnion)
2025-07-16 10:18:05.504  2672-4002  System.out              com.testapp.bluesky_api_test         I  [Warning] Unknown Item type: app.bsky.feed.threadgate#followerRule (ThreadgateAllowUnion)
2025-07-16 10:18:05.517  2672-4002  System.out              com.testapp.bluesky_api_test         I  [Warning] Unknown Item type: app.bsky.feed.threadgate#followerRule (ThreadgateAllowUnion)
2025-07-16 10:18:05.565  2672-4002  System.out              com.testapp.bluesky_api_test         I  [Warning] Unknown Item type: app.bsky.feed.threadgate#followerRule (ThreadgateAllowUnion)
2025-07-16 10:18:05.588  2672-4002  System.out              com.testapp.bluesky_api_test         I  [Warning] Unknown Item type: app.bsky.feed.threadgate#followerRule (ThreadgateAllowUnion)
2025-07-16 10:18:05.594  2672-4002  System.out              com.testapp.bluesky_api_test         I  [Warning] Unknown Item type: app.bsky.feed.threadgate#followerRule (ThreadgateAllowUnion)
2025-07-16 10:18:05.600  2672-4002  System.out              com.testapp.bluesky_api_test         I  [Warning] Unknown Item type: app.bsky.feed.threadgate#followerRule (ThreadgateAllowUnion)
2025-07-16 10:18:05.603  2672-4002  System.out              com.testapp.bluesky_api_test         I  [Warning] Unknown Item type: app.bsky.feed.threadgate#followerRule (ThreadgateAllowUnion)
2025-07-16 10:18:05.606  2672-4002  System.out              com.testapp.bluesky_api_test         I  [Warning] Unknown Item type: app.bsky.feed.threadgate#followerRule (ThreadgateAllowUnion)
2025-07-16 10:18:05.612  2672-4002  System.out              com.testapp.bluesky_api_test         I  [Warning] Unknown Item type: app.bsky.feed.threadgate#followerRule (ThreadgateAllowUnion)
2025-07-16 10:18:05.616  2672-4002  System.out              com.testapp.bluesky_api_test         I  [Warning] Unknown Item type: app.bsky.feed.threadgate#followerRule (ThreadgateAllowUnion)
2025-07-16 10:18:05.625  2672-4002  System.out              com.testapp.bluesky_api_test         I  [Warning] Unknown Item type: app.bsky.feed.threadgate#followerRule (ThreadgateAllowUnion)
2025-07-16 10:18:05.626  2672-4002  System.out              com.testapp.bluesky_api_test         I  [Warning] Unknown Item type: app.bsky.feed.threadgate#followerRule (ThreadgateAllowUnion)
2025-07-16 10:18:05.631  2672-4002  System.out              com.testapp.bluesky_api_test         I  [Warning] Unknown Item type: app.bsky.feed.threadgate#followerRule (ThreadgateAllowUnion)
2025-07-16 10:18:05.633  2672-4002  System.out              com.testapp.bluesky_api_test         I  [Warning] Unknown Item type: app.bsky.feed.threadgate#followerRule (ThreadgateAllowUnion)
2025-07-16 10:18:05.642  2672-4002  System.out              com.testapp.bluesky_api_test         I  [Warning] Unknown Item type: app.bsky.feed.threadgate#followerRule (ThreadgateAllowUnion)
2025-07-16 10:18:05.642  2672-4002  System.out              com.testapp.bluesky_api_test         I  [Warning] Unknown Item type: app.bsky.feed.threadgate#followerRule (ThreadgateAllowUnion)
2025-07-16 10:18:05.672  2672-4002  System.out              com.testapp.bluesky_api_test         I  [Warning] Unknown Item type: app.bsky.feed.threadgate#followerRule (ThreadgateAllowUnion)
2025-07-16 10:18:05.675  2672-4002  System.out              com.testapp.bluesky_api_test         I  [Warning] Unknown Item type: app.bsky.feed.threadgate#followerRule (ThreadgateAllowUnion)
2025-07-16 10:18:05.685  2672-4002  System.out              com.testapp.bluesky_api_test         I  [Warning] Unknown Item type: app.bsky.feed.threadgate#followerRule (ThreadgateAllowUnion)
2025-07-16 10:18:06.418  2672-4237  GroupViewModel          com.testapp.bluesky_api_test         E  Failed to get or create user. Cannot create group.
2025-07-16 10:18:06.442  2672-4239  AndroidRuntime          com.testapp.bluesky_api_test         E  FATAL EXCEPTION: pool-11-thread-1
                                                                                                    Process: com.testapp.bluesky_api_test, PID: 2672
                                                                                                    android.database.sqlite.SQLiteConstraintException: UNIQUE constraint failed: User.did (code 2067 SQLITE_CONSTRAINT_UNIQUE)
                                                                                                    	at android.database.sqlite.SQLiteConnection.nativeExecuteForLastInsertedRowId(Native Method)
                                                                                                    	at android.database.sqlite.SQLiteConnection.executeForLastInsertedRowId(SQLiteConnection.java:985)
                                                                                                    	at android.database.sqlite.SQLiteSession.executeForLastInsertedRowId(SQLiteSession.java:825)
                                                                                                    	at android.database.sqlite.SQLiteStatement.executeInsert(SQLiteStatement.java:89)
                                                                                                    	at androidx.sqlite.db.framework.FrameworkSQLiteStatement.executeInsert(FrameworkSQLiteStatement.kt:42)
                                                                                                    	at androidx.room.EntityInsertionAdapter.insertAndReturnId(EntityInsertionAdapter.kt:101)
                                                                                                    	at com.testapp.bluesky_api_test.DataBaseManupilate.dao.UserDao_Impl.insert(UserDao_Impl.java:100)
                                                                                                    	at com.testapp.bluesky_api_test.repository.UserRepository.lambda$insertUser$2$com-testapp-bluesky_api_test-repository-UserRepository(UserRepository.java:43)
                                                                                                    	at com.testapp.bluesky_api_test.repository.UserRepository$$ExternalSyntheticLambda0.run(D8$$SyntheticClass:0)
                                                                                                    	at java.util.concurrent.ThreadPoolExecutor.runWorker(ThreadPoolExecutor.java:1156)
                                                                                                    	at java.util.concurrent.ThreadPoolExecutor$Worker.run(ThreadPoolExecutor.java:651)
                                                                                                    	at java.lang.Thread.run(Thread.java:1119)
2025-07-16 10:18:06.641  2672-4002  System.out              com.testapp.bluesky_api_test         I  [Warning] Unknown Item type: app.bsky.feed.threadgate#followerRule (ThreadgateAllowUnion)
2025-07-16 10:18:06.660  2672-4002  System.out              com.testapp.bluesky_api_test         I  [Warning] Unknown Item type: app.bsky.feed.threadgate#followerRule (ThreadgateAllowUnion)
2025-07-16 10:18:06.695  2672-4002  System.out              com.testapp.bluesky_api_test         I  [Warning] Unknown Item type: app.bsky.feed.threadgate#followerRule (ThreadgateAllowUnion)
2025-07-16 10:18:06.696  2672-4002  System.out              com.testapp.bluesky_api_test         I  [Warning] Unknown Item type: app.bsky.feed.threadgate#followerRule (ThreadgateAllowUnion)
2025-07-16 10:18:06.756  2672-4002  System.out              com.testapp.bluesky_api_test         I  [Warning] Unknown Item type: app.bsky.feed.threadgate#followerRule (ThreadgateAllowUnion)
2025-07-16 10:18:06.794  2672-4002  System.out              com.testapp.bluesky_api_test         I  [Warning] Unknown Item type: app.bsky.feed.threadgate#followerRule (ThreadgateAllowUnion)
2025-07-16 10:18:06.807  2672-4002  System.out              com.testapp.bluesky_api_test         I  [Warning] Unknown Item type: app.bsky.feed.threadgate#followerRule (ThreadgateAllowUnion)
2025-07-16 10:18:06.852  2672-4002  System.out              com.testapp.bluesky_api_test         I  [Warning] Unknown Item type: app.bsky.feed.threadgate#followerRule (ThreadgateAllowUnion)
2025-07-16 10:18:06.871  2672-4002  System.out              com.testapp.bluesky_api_test         I  [Warning] Unknown Item type: app.bsky.feed.threadgate#followerRule (ThreadgateAllowUnion)
2025-07-16 10:18:06.884  2672-4002  System.out              com.testapp.bluesky_api_test         I  [Warning] Unknown Item type: app.bsky.feed.threadgate#followerRule (ThreadgateAllowUnion)
2025-07-16 10:18:06.900  2672-4002  System.out              com.testapp.bluesky_api_test         I  [Warning] Unknown Item type: app.bsky.feed.threadgate#followerRule (ThreadgateAllowUnion)
2025-07-16 10:18:06.900  2672-4002  System.out              com.testapp.bluesky_api_test         I  [Warning] Unknown Item type: app.bsky.feed.threadgate#followerRule (ThreadgateAllowUnion)
2025-07-16 10:18:06.903  2672-4002  System.out              com.testapp.bluesky_api_test         I  [Warning] Unknown Item type: app.bsky.feed.threadgate#followerRule (ThreadgateAllowUnion)
2025-07-16 10:18:06.943  2672-4002  System.out              com.testapp.bluesky_api_test         I  [Warning] Unknown Item type: app.bsky.feed.threadgate#followerRule (ThreadgateAllowUnion)
2025-07-16 10:18:06.966  2672-4002  System.out              com.testapp.bluesky_api_test         I  [Warning] Unknown Item type: app.bsky.feed.threadgate#followerRule (ThreadgateAllowUnion)
2025-07-16 10:18:07.038  2672-4002  System.out              com.testapp.bluesky_api_test         I  [Warning] Unknown Item type: app.bsky.feed.threadgate#followerRule (ThreadgateAllowUnion)
2025-07-16 10:18:07.338  2672-4239  Process                 com.testapp.bluesky_api_test         I  Sending signal. PID: 2672 SIG: 9
---------------------------- PROCESS ENDED (2672) for package com.testapp.bluesky_api_test ----------------------------
2025-07-16 10:18:08.660  4521-4521  nativeloader            com.testapp.bluesky_api_test         D  Load libframework-connectivity-tiramisu-jni.so using APEX ns com_android_tethering for caller /apex/com.android.tethering/javalib/framework-connectivity-t.jar: ok
---------------------------- PROCESS STARTED (4521) for package com.testapp.bluesky_api_test ----------------------------
2025-07-16 10:18:08.982  4521-4521  ApplicationLoaders      com.testapp.bluesky_api_test         D  Returning zygote-cached class loader: /system_ext/framework/androidx.window.extensions.jar
2025-07-16 10:18:08.983  4521-4521  ApplicationLoaders      com.testapp.bluesky_api_test         D  Returning zygote-cached class loader: /system_ext/framework/androidx.window.sidecar.jar
2025-07-16 10:18:09.538  4521-4521  nativeloader            com.testapp.bluesky_api_test         D  Configuring clns-9 for other apk /data/app/~~rnbtsaSP0weWQySqP_XpKw==/com.testapp.bluesky_api_test-afOBKTWg8zZCiJ-UnB0lyg==/base.apk. target_sdk_version=35, uses_libraries=, library_path=/data/app/~~rnbtsaSP0weWQySqP_XpKw==/com.testapp.bluesky_api_test-afOBKTWg8zZCiJ-UnB0lyg==/lib/x86_64, permitted_path=/data:/mnt/expand:/data/user/0/com.testapp.bluesky_api_test
2025-07-16 10:18:09.542  4521-4521  CompatChangeReporter    com.testapp.bluesky_api_test         D  Compat change id reported: 202956589; UID 10215; state: ENABLED
2025-07-16 10:18:09.564  4521-4521  luesky_api_test         com.testapp.bluesky_api_test         I  AssetManager2(0x7b01a9053898) locale list changing from [] to [en-US]
2025-07-16 10:18:09.593  4521-4521  GraphicsEnvironment     com.testapp.bluesky_api_test         V  Currently set values for:
2025-07-16 10:18:09.593  4521-4521  GraphicsEnvironment     com.testapp.bluesky_api_test         V    angle_gl_driver_selection_pkgs=[]
2025-07-16 10:18:09.593  4521-4521  GraphicsEnvironment     com.testapp.bluesky_api_test         V    angle_gl_driver_selection_values=[]
2025-07-16 10:18:09.593  4521-4521  GraphicsEnvironment     com.testapp.bluesky_api_test         V  com.testapp.bluesky_api_test is not listed in per-application setting
2025-07-16 10:18:09.594  4521-4521  GraphicsEnvironment     com.testapp.bluesky_api_test         V  ANGLE allowlist from config: 
2025-07-16 10:18:09.594  4521-4521  GraphicsEnvironment     com.testapp.bluesky_api_test         V  com.testapp.bluesky_api_test is not listed in ANGLE allowlist or settings, returning default
2025-07-16 10:18:09.594  4521-4521  GraphicsEnvironment     com.testapp.bluesky_api_test         V  Neither updatable production driver nor prerelease driver is supported.
2025-07-16 10:18:09.648  4521-4521  CompatChangeReporter    com.testapp.bluesky_api_test         D  Compat change id reported: 279646685; UID 10215; state: ENABLED
2025-07-16 10:18:10.304  4521-4521  Choreographer           com.testapp.bluesky_api_test         I  Skipped 37 frames!  The application may be doing too much work on its main thread.
2025-07-16 10:18:10.347  4521-4563  DisplayManager          com.testapp.bluesky_api_test         I  Choreographer implicitly registered for the refresh rate.
2025-07-16 10:18:10.420  4521-4521  luesky_api_test         com.testapp.bluesky_api_test         I  AssetManager2(0x7b01a904b878) locale list changing from [] to [en-US]
2025-07-16 10:18:10.504  4521-4521  AppCompatDelegate       com.testapp.bluesky_api_test         D  Checking for metadata for AppLocalesMetadataHolderService : Service not found
2025-07-16 10:18:10.506  4521-4521  luesky_api_test         com.testapp.bluesky_api_test         I  AssetManager2(0x7b01a9050698) locale list changing from [] to [en-US]
2025-07-16 10:18:10.595  4521-4521  ashmem                  com.testapp.bluesky_api_test         E  Pinning is deprecated since Android Q. Please use trim or other methods.
2025-07-16 10:18:11.226  4521-4563  EGL_emulation           com.testapp.bluesky_api_test         I  Opening libGLESv1_CM_emulation.so
2025-07-16 10:18:11.227  4521-4563  EGL_emulation           com.testapp.bluesky_api_test         I  Opening libGLESv2_emulation.so
2025-07-16 10:18:11.291  4521-4563  HWUI                    com.testapp.bluesky_api_test         W  Failed to choose config with EGL_SWAP_BEHAVIOR_PRESERVED, retrying without...
2025-07-16 10:18:11.292  4521-4563  HWUI                    com.testapp.bluesky_api_test         W  Failed to initialize 101010-2 format, error = EGL_SUCCESS
2025-07-16 10:18:11.431  4521-4521  CompatChangeReporter    com.testapp.bluesky_api_test         D  Compat change id reported: 309578419; UID 10215; state: ENABLED
2025-07-16 10:18:11.436  4521-4521  DesktopModeFlags        com.testapp.bluesky_api_test         D  Toggle override initialized to: OVERRIDE_UNSET
2025-07-16 10:18:11.570  4521-4521  luesky_api_test         com.testapp.bluesky_api_test         I  hiddenapi: Accessing hidden method Landroid/view/ViewGroup;->makeOptionalFitsSystemWindows()V (runtime_flags=0, domain=platform, api=unsupported) from Landroidx/appcompat/widget/ViewUtils; (domain=app) using reflection: allowed
2025-07-16 10:18:11.868  4521-4521  CompatChangeReporter    com.testapp.bluesky_api_test         D  Compat change id reported: 63938206; UID 10215; state: ENABLED
2025-07-16 10:18:12.004  4521-4521  HWUI                    com.testapp.bluesky_api_test         W  Image decoding logging dropped!
2025-07-16 10:18:12.039  4521-4521  HWUI                    com.testapp.bluesky_api_test         W  Image decoding logging dropped!
2025-07-16 10:18:12.067  4521-4521  HWUI                    com.testapp.bluesky_api_test         W  Image decoding logging dropped!
2025-07-16 10:18:12.091  4521-4521  HWUI                    com.testapp.bluesky_api_test         W  Image decoding logging dropped!
2025-07-16 10:18:12.423  4521-4521  MainFragment            com.testapp.bluesky_api_test         D  Loading timeline...
2025-07-16 10:18:12.489  4521-4521  CompatChangeReporter    com.testapp.bluesky_api_test         D  Compat change id reported: 352594277; UID 10215; state: ENABLED
2025-07-16 10:18:12.577  4521-4521  CompatChangeReporter    com.testapp.bluesky_api_test         D  Compat change id reported: 349153669; UID 10215; state: ENABLED
2025-07-16 10:18:12.606  4521-4521  HWUI                    com.testapp.bluesky_api_test         W  Unknown dataspace 0
2025-07-16 10:18:13.177  4521-4585  System.err              com.testapp.bluesky_api_test         W  SLF4J(W): No SLF4J providers were found.
2025-07-16 10:18:13.177  4521-4585  System.err              com.testapp.bluesky_api_test         W  SLF4J(W): Defaulting to no-operation (NOP) logger implementation
2025-07-16 10:18:13.177  4521-4585  System.err              com.testapp.bluesky_api_test         W  SLF4J(W): See https://www.slf4j.org/codes.html#noProviders for further details.
2025-07-16 10:18:13.216  4521-4521  RecyclerView            com.testapp.bluesky_api_test         E  No adapter attached; skipping layout
2025-07-16 10:18:13.534  4521-4585  luesky_api_test         com.testapp.bluesky_api_test         W  Verification of java.lang.Object io.ktor.client.HttpClient$4.invokeSuspend(java.lang.Object) took 109.288ms (969.91 bytecodes/s) (0B arena alloc)
2025-07-16 10:18:13.748  4521-4607  HWUI                    com.testapp.bluesky_api_test         I  Davey! duration=961ms; Flags=1, FrameTimelineVsyncId=18832, IntendedVsync=155293697245, Vsync=155343697243, InputEventId=0, HandleInputStart=155357963047, AnimationStart=155357968361, PerformTraversalsStart=155357972136, DrawStart=155807760706, FrameDeadline=155310363911, FrameStartTime=155357903581, FrameInterval=16666666, WorkloadTarget=16666666, SyncQueued=155873344979, SyncStart=155881334400, IssueDrawCommandsStart=155881669220, SwapBuffers=156238621851, FrameCompleted=156263284749, DequeueBufferDuration=7133, QueueBufferDuration=1047890, GpuCompleted=156263284749, SwapBuffersCompleted=156247749754, DisplayPresentTime=0, CommandSubmissionCompleted=156238621851, 
2025-07-16 10:18:13.781  4521-4521  Choreographer           com.testapp.bluesky_api_test         I  Skipped 56 frames!  The application may be doing too much work on its main thread.
2025-07-16 10:18:13.942  4521-4607  HWUI                    com.testapp.bluesky_api_test         I  Davey! duration=1081ms; Flags=0, FrameTimelineVsyncId=18855, IntendedVsync=155377030575, Vsync=156310363871, InputEventId=0, HandleInputStart=156333420210, AnimationStart=156333425472, PerformTraversalsStart=156334087282, DrawStart=156366927756, FrameDeadline=156293697205, FrameStartTime=156312281662, FrameInterval=16666666, WorkloadTarget=16666666, SyncQueued=156377854182, SyncStart=156379507864, IssueDrawCommandsStart=156379941405, SwapBuffers=156381786940, FrameCompleted=156460070290, DequeueBufferDuration=6321, QueueBufferDuration=53224599, GpuCompleted=156459917688, SwapBuffersCompleted=156460070290, DisplayPresentTime=0, CommandSubmissionCompleted=156381786940, 
2025-07-16 10:18:14.127  4521-4521  InsetsController        com.testapp.bluesky_api_test         D  hide(ime(), fromIme=false)
2025-07-16 10:18:14.129  4521-4521  ImeTracker              com.testapp.bluesky_api_test         I  com.testapp.bluesky_api_test:fc18cf08: onCancelled at PHASE_CLIENT_ALREADY_HIDDEN
2025-07-16 10:18:15.400  4521-4616  ProfileInstaller        com.testapp.bluesky_api_test         D  Installing profile for com.testapp.bluesky_api_test