2025-07-22 08:35:30.658  2522-5592  TimelineCrawlerWorker   com.testapp.bluesky_api_test         D  Empty post content. Post type: app.bsky.feed.post, URI: at://did:plc:liqa5jzb42hdrksxdo36qitn/app.bsky.feed.post/3ltrfljdvkk2l
2025-07-22 08:35:30.697  2522-5592  TimelineCrawlerWorker   com.testapp.bluesky_api_test         D  Empty post content. Post type: app.bsky.feed.post, URI: at://did:plc:liqa5jzb42hdrksxdo36qitn/app.bsky.feed.post/3ltrcgpwyw52n
2025-07-22 08:35:30.709  2522-5592  TimelineCrawlerWorker   com.testapp.bluesky_api_test         D  Empty post content. Post type: app.bsky.feed.post, URI: at://did:plc:liqa5jzb42hdrksxdo36qitn/app.bsky.feed.post/3ltrcglfdvr23
2025-07-22 08:35:30.734  2522-5592  TimelineCrawlerWorker   com.testapp.bluesky_api_test         D  Empty post content. Post type: app.bsky.feed.post, URI: at://did:plc:liqa5jzb42hdrksxdo36qitn/app.bsky.feed.post/3ltr77nkyvl2c
2025-07-22 08:35:30.750  2522-5592  TimelineCrawlerWorker   com.testapp.bluesky_api_test         D  Skipping repost: at://did:plc:k762js3b44u4kppedx63ozsw/app.bsky.feed.post/3ltnesazsgc2i
2025-07-22 08:35:30.750  2522-5592  TimelineCrawlerWorker   com.testapp.bluesky_api_test         D  Skipping repost: at://did:plc:w7fwp2mtlaaffnx42wsc76wt/app.bsky.feed.post/3ltr4oyi7x22w
2025-07-22 08:35:30.761  2522-5592  TimelineCrawlerWorker   com.testapp.bluesky_api_test         D  Empty post content. Post type: app.bsky.feed.post, URI: at://did:plc:liqa5jzb42hdrksxdo36qitn/app.bsky.feed.post/3ltr3zsa7h72m
2025-07-22 08:35:30.774  2522-5592  TimelineCrawlerWorker   com.testapp.bluesky_api_test         D  Empty post content. Post type: app.bsky.feed.post, URI: at://did:plc:liqa5jzb42hdrksxdo36qitn/app.bsky.feed.post/3ltr3zqgsml24
2025-07-22 08:35:30.786  2522-5592  TimelineCrawlerWorker   com.testapp.bluesky_api_test         D  Empty post content. Post type: app.bsky.feed.post, URI: at://did:plc:liqa5jzb42hdrksxdo36qitn/app.bsky.feed.post/3ltqytsddyt2j
2025-07-22 08:35:30.789  2522-5592  TimelineCrawlerWorker   com.testapp.bluesky_api_test         D  Empty post content. Post type: app.bsky.feed.post, URI: at://did:plc:liqa5jzb42hdrksxdo36qitn/app.bsky.feed.post/3ltqvozj75b2l
2025-07-22 08:35:30.791  2522-5592  TimelineCrawlerWorker   com.testapp.bluesky_api_test         D  Empty post content. Post type: app.bsky.feed.post, URI: at://did:plc:liqa5jzb42hdrksxdo36qitn/app.bsky.feed.post/3ltqvoxjh642m
2025-07-22 08:35:30.795  2522-5592  TimelineCrawlerWorker   com.testapp.bluesky_api_test         D  Empty post content. Post type: app.bsky.feed.post, URI: at://did:plc:liqa5jzb42hdrksxdo36qitn/app.bsky.feed.post/3ltqvot27b626
2025-07-22 08:35:30.805  2522-5592  TimelineCrawlerWorker   com.testapp.bluesky_api_test         D  Empty post content. Post type: app.bsky.feed.post, URI: at://did:plc:liqa5jzb42hdrksxdo36qitn/app.bsky.feed.post/3ltqsj2woel2n
2025-07-22 08:35:30.810  2522-5592  TimelineCrawlerWorker   com.testapp.bluesky_api_test         D  Empty post content. Post type: app.bsky.feed.post, URI: at://did:plc:liqa5jzb42hdrksxdo36qitn/app.bsky.feed.post/3ltqsixwg632m
2025-07-22 08:35:30.813  2522-5592  TimelineCrawlerWorker   com.testapp.bluesky_api_test         D  Empty post content. Post type: app.bsky.feed.post, URI: at://did:plc:liqa5jzb42hdrksxdo36qitn/app.bsky.feed.post/3ltqpc3hntv26
2025-07-22 08:35:30.820  2522-5592  TimelineCrawlerWorker   com.testapp.bluesky_api_test         D  Empty post content. Post type: app.bsky.feed.post, URI: at://did:plc:liqa5jzb42hdrksxdo36qitn/app.bsky.feed.post/3ltqpbzju5x2g
2025-07-22 08:35:30.829  2522-5592  TimelineCrawlerWorker   com.testapp.bluesky_api_test         D  Empty post content. Post type: app.bsky.feed.post, URI: at://did:plc:liqa5jzb42hdrksxdo36qitn/app.bsky.feed.post/3ltqm46sxcp24
2025-07-22 08:35:30.840  2522-5592  TimelineCrawlerWorker   com.testapp.bluesky_api_test         D  Empty post content. Post type: app.bsky.feed.post, URI: at://did:plc:liqa5jzb42hdrksxdo36qitn/app.bsky.feed.post/3ltqm44sgu724
2025-07-22 08:35:30.849  2522-5592  TimelineCrawlerWorker   com.testapp.bluesky_api_test         D  Empty post content. Post type: app.bsky.feed.post, URI: at://did:plc:liqa5jzb42hdrksxdo36qitn/app.bsky.feed.post/3ltqiwahnye2o
2025-07-22 08:35:30.856  2522-5592  TimelineCrawlerWorker   com.testapp.bluesky_api_test         D  Empty post content. Post type: app.bsky.feed.post, URI: at://did:plc:liqa5jzb42hdrksxdo36qitn/app.bsky.feed.post/3ltqiw6lccx2l
2025-07-22 08:35:30.886  2522-5592  TimelineCrawlerWorker   com.testapp.bluesky_api_test         D  Empty post content. Post type: app.bsky.feed.post, URI: at://did:plc:liqa5jzb42hdrksxdo36qitn/app.bsky.feed.post/3ltqfqdjnqd2j
2025-07-22 08:35:30.889  2522-5592  TimelineCrawlerWorker   com.testapp.bluesky_api_test         D  Empty post content. Post type: app.bsky.feed.post, URI: at://did:plc:liqa5jzb42hdrksxdo36qitn/app.bsky.feed.post/3ltqfqbsypl2m
2025-07-22 08:35:30.899  2522-5592  TimelineCrawlerWorker   com.testapp.bluesky_api_test         D  Empty post content. Post type: app.bsky.feed.post, URI: at://did:plc:liqa5jzb42hdrksxdo36qitn/app.bsky.feed.post/3ltqckfgece23
2025-07-22 08:35:30.906  2522-5592  TimelineCrawlerWorker   com.testapp.bluesky_api_test         D  Empty post content. Post type: app.bsky.feed.post, URI: at://did:plc:liqa5jzb42hdrksxdo36qitn/app.bsky.feed.post/3ltqckczuzl24
2025-07-22 08:35:30.914  2522-5592  TimelineCrawlerWorker   com.testapp.bluesky_api_test         D  Empty post content. Post type: app.bsky.feed.post, URI: at://did:plc:liqa5jzb42hdrksxdo36qitn/app.bsky.feed.post/3ltq7egf7jy2j
2025-07-22 08:35:30.918  2522-5592  TimelineCrawlerWorker   com.testapp.bluesky_api_test         D  Empty post content. Post type: app.bsky.feed.post, URI: at://did:plc:liqa5jzb42hdrksxdo36qitn/app.bsky.feed.post/3ltq46jxorz2l
2025-07-22 08:35:30.936  2522-5592  TimelineCrawlerWorker   com.testapp.bluesky_api_test         D  Empty post content. Post type: app.bsky.feed.post, URI: at://did:plc:liqa5jzb42hdrksxdo36qitn/app.bsky.feed.post/3ltpyymi52224
2025-07-22 08:35:30.946  2522-5592  TimelineCrawlerWorker   com.testapp.bluesky_api_test         D  Empty post content. Post type: app.bsky.feed.post, URI: at://did:plc:liqa5jzb42hdrksxdo36qitn/app.bsky.feed.post/3ltpyykoofa26
2025-07-22 08:35:30.956  2522-5592  TimelineCrawlerWorker   com.testapp.bluesky_api_test         D  Empty post content. Post type: app.bsky.feed.post, URI: at://did:plc:liqa5jzb42hdrksxdo36qitn/app.bsky.feed.post/3ltpvsngweu2j
2025-07-22 08:35:31.002  2522-5592  TimelineCrawlerWorker   com.testapp.bluesky_api_test         D  Skipping repost: at://did:plc:5mdj5hjlpnkyu3nautqzqxol/app.bsky.feed.post/3ltngjctkcs2v
2025-07-22 08:35:31.003  2522-5592  TimelineCrawlerWorker   com.testapp.bluesky_api_test         D  Empty post content. Post type: app.bsky.feed.post, URI: at://did:plc:liqa5jzb42hdrksxdo36qitn/app.bsky.feed.post/3ltoz6l47hg24
2025-07-22 08:35:31.015  2522-5592  TimelineCrawlerWorker   com.testapp.bluesky_api_test         D  Empty post content. Post type: app.bsky.feed.post, URI: at://did:plc:liqa5jzb42hdrksxdo36qitn/app.bsky.feed.post/3ltow2mm2tr2m
2025-07-22 08:35:31.024  2522-5592  TimelineCrawlerWorker   com.testapp.bluesky_api_test         D  Empty post content. Post type: app.bsky.feed.post, URI: at://did:plc:liqa5jzb42hdrksxdo36qitn/app.bsky.feed.post/3ltow2kwssf24
2025-07-22 08:35:31.039  2522-5592  TimelineCrawlerWorker   com.testapp.bluesky_api_test         D  Empty post content. Post type: app.bsky.feed.post, URI: at://did:plc:liqa5jzb42hdrksxdo36qitn/app.bsky.feed.post/3ltow2ixdij2m
2025-07-22 08:35:31.046  2522-5592  TimelineCrawlerWorker   com.testapp.bluesky_api_test         D  Empty post content. Post type: app.bsky.feed.post, URI: at://did:plc:liqa5jzb42hdrksxdo36qitn/app.bsky.feed.post/3ltow2gmc3z2o
2025-07-22 08:35:31.076  2522-5592  TimelineCrawlerWorker   com.testapp.bluesky_api_test         D  Empty post content. Post type: app.bsky.feed.post, URI: at://did:plc:liqa5jzb42hdrksxdo36qitn/app.bsky.feed.post/3ltossnv5dl26
2025-07-22 08:35:31.081  2522-5592  TimelineCrawlerWorker   com.testapp.bluesky_api_test         D  Empty post content. Post type: app.bsky.feed.post, URI: at://did:plc:liqa5jzb42hdrksxdo36qitn/app.bsky.feed.post/3ltossl3n2h2m
2025-07-22 08:35:31.101  2522-5592  TimelineCrawlerWorker   com.testapp.bluesky_api_test         D  Empty post content. Post type: app.bsky.feed.post, URI: at://did:plc:liqa5jzb42hdrksxdo36qitn/app.bsky.feed.post/3ltossglkp72m
2025-07-22 08:35:31.133  2522-5592  TimelineCrawlerWorker   com.testapp.bluesky_api_test         D  Skipping repost: at://did:plc:2glsctd3tl6sj2o2jun4yae2/app.bsky.feed.post/3ltomuyjjv226
2025-07-22 08:35:31.135  2522-5592  TimelineCrawlerWorker   com.testapp.bluesky_api_test         D  Empty post content. Post type: app.bsky.feed.post, URI: at://did:plc:liqa5jzb42hdrksxdo36qitn/app.bsky.feed.post/3ltopomp7j523
2025-07-22 08:35:31.159  2522-5592  TimelineCrawlerWorker   com.testapp.bluesky_api_test         D  Empty post content. Post type: app.bsky.feed.post, URI: at://did:plc:liqa5jzb42hdrksxdo36qitn/app.bsky.feed.post/3ltopolbawk2m
2025-07-22 08:35:31.186  2522-5592  TimelineCrawlerWorker   com.testapp.bluesky_api_test         D  Empty post content. Post type: app.bsky.feed.post, URI: at://did:plc:liqa5jzb42hdrksxdo36qitn/app.bsky.feed.post/3ltopojjwfi24
2025-07-22 08:35:31.235  2522-5592  TimelineCrawlerWorker   com.testapp.bluesky_api_test         D  Empty post content. Post type: app.bsky.feed.post, URI: at://did:plc:liqa5jzb42hdrksxdo36qitn/app.bsky.feed.post/3ltomgq22h22n
2025-07-22 08:35:31.254  2522-5592  TimelineCrawlerWorker   com.testapp.bluesky_api_test         D  Empty post content. Post type: app.bsky.feed.post, URI: at://did:plc:liqa5jzb42hdrksxdo36qitn/app.bsky.feed.post/3ltomglh2ek2g
2025-07-22 08:35:31.288  2522-5592  TimelineCrawlerWorker   com.testapp.bluesky_api_test         D  Empty post content. Post type: app.bsky.feed.post, URI: at://did:plc:liqa5jzb42hdrksxdo36qitn/app.bsky.feed.post/3ltojaperwm26
2025-07-22 08:35:31.294  2522-5592  TimelineCrawlerWorker   com.testapp.bluesky_api_test         D  Empty post content. Post type: app.bsky.feed.post, URI: at://did:plc:liqa5jzb42hdrksxdo36qitn/app.bsky.feed.post/3ltog2ujv2i2o
2025-07-22 08:35:31.298  2522-5592  TimelineCrawlerWorker   com.testapp.bluesky_api_test         D  Empty post content. Post type: app.bsky.feed.post, URI: at://did:plc:liqa5jzb42hdrksxdo36qitn/app.bsky.feed.post/3ltog2qjgss2l
2025-07-22 08:35:31.312  2522-5592  TimelineCrawlerWorker   com.testapp.bluesky_api_test         D  Empty post content. Post type: app.bsky.feed.post, URI: at://did:plc:liqa5jzb42hdrksxdo36qitn/app.bsky.feed.post/3ltocv3qlvd2c
2025-07-22 08:35:31.320  2522-5592  TimelineCrawlerWorker   com.testapp.bluesky_api_test         D  Empty post content. Post type: app.bsky.feed.post, URI: at://did:plc:liqa5jzb42hdrksxdo36qitn/app.bsky.feed.post/3ltocuzlxna2o
2025-07-22 08:35:31.333  2522-5592  TimelineCrawlerWorker   com.testapp.bluesky_api_test         D  Empty post content. Post type: app.bsky.feed.post, URI: at://did:plc:liqa5jzb42hdrksxdo36qitn/app.bsky.feed.post/3ltocuxouoi23
2025-07-22 08:35:31.370  2522-5592  TimelineCrawlerWorker   com.testapp.bluesky_api_test         D  Empty post content. Post type: app.bsky.feed.post, URI: at://did:plc:liqa5jzb42hdrksxdo36qitn/app.bsky.feed.post/3ltocut6mc52n
2025-07-22 08:35:31.390  2522-5592  TimelineCrawlerWorker   com.testapp.bluesky_api_test         D  Empty post content. Post type: app.bsky.feed.post, URI: at://did:plc:liqa5jzb42hdrksxdo36qitn/app.bsky.feed.post/3lto7puyims2l
2025-07-22 08:35:31.403  2522-5592  TimelineCrawlerWorker   com.testapp.bluesky_api_test         D  Empty post content. Post type: app.bsky.feed.post, URI: at://did:plc:liqa5jzb42hdrksxdo36qitn/app.bsky.feed.post/3lto7pt7cgu2
2025-07-22 08:35:31.654  2522-5572  AuthorRepository        com.testapp.bluesky_api_test         D  Author already exists: jay.bsky.team or 
2025-07-22 08:35:31.654  2522-5592  TimelineCrawlerWorker   com.testapp.bluesky_api_test         D  Empty post content. Post type: app.bsky.feed.post, URI: at://did:plc:liqa5jzb42hdrksxdo36qitn/app.bsky.feed.post/3ltnmnepux624
2025-07-22 08:35:31.692  2522-5572  AuthorRepository        com.testapp.bluesky_api_test         D  Author already exists: harry.bsky.team or 
2025-07-22 08:35:31.878  2522-5592  TimelineCrawlerWorker   com.testapp.bluesky_api_test         D  Empty post content. Post type: app.bsky.feed.post, URI: at://did:plc:liqa5jzb42hdrksxdo36qitn/app.bsky.feed.post/3ltnjgcmyoo2c
2025-07-22 08:35:31.901  2522-5592  TimelineCrawlerWorker   com.testapp.bluesky_api_test         D  Empty post content. Post type: app.bsky.feed.post, URI: at://did:plc:liqa5jzb42hdrksxdo36qitn/app.bsky.feed.post/3ltngaeqxov2l
2025-07-22 08:35:31.951  2522-5592  TimelineCrawlerWorker   com.testapp.bluesky_api_test         D  Skipping repost: at://did:plc:2xibtqlq4oplg5hkbqw56xgu/app.bsky.feed.post/3ltmwc4cict2q
2025-07-22 08:35:31.956  2522-5592  TimelineCrawlerWorker   com.testapp.bluesky_api_test         D  Empty post content. Post type: app.bsky.feed.post, URI: at://did:plc:liqa5jzb42hdrksxdo36qitn/app.bsky.feed.post/3ltmpwxpg7z2n
2025-07-22 08:35:31.973  2522-5592  TimelineCrawlerWorker   com.testapp.bluesky_api_test         D  Empty post content. Post type: app.bsky.feed.post, URI: at://did:plc:liqa5jzb42hdrksxdo36qitn/app.bsky.feed.post/3ltmpwvwwjw23
2025-07-22 08:35:31.985  2522-5592  TimelineCrawlerWorker   com.testapp.bluesky_api_test         D  Empty post content. Post type: app.bsky.feed.post, URI: at://did:plc:liqa5jzb42hdrksxdo36qitn/app.bsky.feed.post/3ltmmrz5hjz23
2025-07-22 08:35:32.009  2522-5592  TimelineCrawlerWorker   com.testapp.bluesky_api_test         D  Empty post content. Post type: app.bsky.feed.post, URI: at://did:plc:liqa5jzb42hdrksxdo36qitn/app.bsky.feed.post/3ltmjkz27fn2n
2025-07-22 08:35:32.036  2522-5592  TimelineCrawlerWorker   com.testapp.bluesky_api_test         D  Empty post content. Post type: app.bsky.feed.post, URI: at://did:plc:liqa5jzb42hdrksxdo36qitn/app.bsky.feed.post/3ltmgg75ba526
2025-07-22 08:35:32.057  2522-5592  TimelineCrawlerWorker   com.testapp.bluesky_api_test         D  Empty post content. Post type: app.bsky.feed.post, URI: at://did:plc:liqa5jzb42hdrksxdo36qitn/app.bsky.feed.post/3ltmgg2ntkn2g
2025-07-22 08:35:32.075  2522-5592  TimelineCrawlerWorker   com.testapp.bluesky_api_test         D  Empty post content. Post type: app.bsky.feed.post, URI: at://did:plc:liqa5jzb42hdrksxdo36qitn/app.bsky.feed.post/3ltmd7emtuq24
2025-07-22 08:35:32.093  2522-5592  TimelineCrawlerWorker   com.testapp.bluesky_api_test         D  Empty post content. Post type: app.bsky.feed.post, URI: at://did:plc:liqa5jzb42hdrksxdo36qitn/app.bsky.feed.post/3ltmd7cnenb2c
2025-07-22 08:35:32.500  2522-5572  AuthorRepository        com.testapp.bluesky_api_test         D  Author already exists: dongame6.bsky.social or 
2025-07-22 08:35:32.502  2522-5592  TimelineCrawlerWorker   com.testapp.bluesky_api_test         D  Empty post content. Post type: app.bsky.feed.post, URI: at://did:plc:liqa5jzb42hdrksxdo36qitn/app.bsky.feed.post/3ltkwnf2ncz2o
2025-07-22 08:35:32.505  2522-5592  TimelineCrawlerWorker   com.testapp.bluesky_api_test         D  Empty post content. Post type: app.bsky.feed.post, URI: at://did:plc:liqa5jzb42hdrksxdo36qitn/app.bsky.feed.post/3ltktgejkxe2n
2025-07-22 08:35:32.521  2522-5592  TimelineCrawlerWorker   com.testapp.bluesky_api_test         D  Empty post content. Post type: app.bsky.feed.post, URI: at://did:plc:liqa5jzb42hdrksxdo36qitn/app.bsky.feed.post/3ltktgd5bqt23
2025-07-22 08:35:32.563  2522-5592  TimelineCrawlerWorker   com.testapp.bluesky_api_test         D  Empty post content. Post type: app.bsky.feed.post, URI: at://did:plc:liqa5jzb42hdrksxdo36qitn/app.bsky.feed.post/3ltk54wirmt2n
2025-07-22 08:35:32.585  2522-5592  TimelineCrawlerWorker   com.testapp.bluesky_api_test         D  Empty post content. Post type: app.bsky.feed.post, URI: at://did:plc:liqa5jzb42hdrksxdo36qitn/app.bsky.feed.post/3ltjzx5t6me23
2025-07-22 08:35:32.600  2522-5592  TimelineCrawlerWorker   com.testapp.bluesky_api_test         D  Empty post content. Post type: app.bsky.feed.post, URI: at://did:plc:liqa5jzb42hdrksxdo36qitn/app.bsky.feed.post/3ltjzx3sp5423
2025-07-22 08:35:32.608  2522-5592  TimelineCrawlerWorker   com.testapp.bluesky_api_test         D  Empty post content. Post type: app.bsky.feed.post, URI: at://did:plc:liqa5jzb42hdrksxdo36qitn/app.bsky.feed.post/3ltjzwzqd4t2n
2025-07-22 08:35:32.633  2522-5592  TimelineCrawlerWorker   com.testapp.bluesky_api_test         D  Empty post content. Post type: app.bsky.feed.post, URI: at://did:plc:liqa5jzb42hdrksxdo36qitn/app.bsky.feed.post/3ltjzwyawfp2j
2025-07-22 08:35:32.645  2522-5592  TimelineCrawlerWorker   com.testapp.bluesky_api_test         D  Empty post content. Post type: app.bsky.feed.post, URI: at://did:plc:liqa5jzb42hdrksxdo36qitn/app.bsky.feed.post/3ltjws3o45723
2025-07-22 08:35:32.658  2522-5592  TimelineCrawlerWorker   com.testapp.bluesky_api_test         D  Empty post content. Post type: app.bsky.feed.post, URI: at://did:plc:liqa5jzb42hdrksxdo36qitn/app.bsky.feed.post/3ltjwrwy4kv2g
2025-07-22 08:35:32.669  2522-5592  TimelineCrawlerWorker   com.testapp.bluesky_api_test         D  Empty post content. Post type: app.bsky.feed.post, URI: at://did:plc:liqa5jzb42hdrksxdo36qitn/app.bsky.feed.post/3ltjtmfxq6r2o
2025-07-22 08:35:32.682  2522-5592  TimelineCrawlerWorker   com.testapp.bluesky_api_test         D  Empty post content. Post type: app.bsky.feed.post, URI: at://did:plc:liqa5jzb42hdrksxdo36qitn/app.bsky.feed.post/3ltjtme7p3m24
2025-07-22 08:35:32.689  2522-5592  TimelineCrawlerWorker   com.testapp.bluesky_api_test         D  Empty post content. Post type: app.bsky.feed.post, URI: at://did:plc:liqa5jzb42hdrksxdo36qitn/app.bsky.feed.post/3ltjtmcmcnq2n
2025-07-22 08:35:32.705  2522-5592  TimelineCrawlerWorker   com.testapp.bluesky_api_test         D  Empty post content. Post type: app.bsky.feed.post, URI: at://did:plc:liqa5jzb42hdrksxdo36qitn/app.bsky.feed.post/3ltjqfaxfs423
2025-07-22 08:35:32.712  2522-5592  TimelineCrawlerWorker   com.testapp.bluesky_api_test         D  Empty post content. Post type: app.bsky.feed.post, URI: at://did:plc:liqa5jzb42hdrksxdo36qitn/app.bsky.feed.post/3ltjqf7fxoc26
2025-07-22 08:35:32.744  2522-5592  TimelineCrawlerWorker   com.testapp.bluesky_api_test         D  Empty post content. Post type: app.bsky.feed.post, URI: at://did:plc:liqa5jzb42hdrksxdo36qitn/app.bsky.feed.post/3ltjn7dq7mx2o
2025-07-22 08:35:32.757  2522-5592  TimelineCrawlerWorker   com.testapp.bluesky_api_test         D  Empty post content. Post type: app.bsky.feed.post, URI: at://did:plc:liqa5jzb42hdrksxdo36qitn/app.bsky.feed.post/3ltjn7bxutx2c
2025-07-22 08:35:32.759  2522-5592  TimelineCrawlerWorker   com.testapp.bluesky_api_test         D  Empty post content. Post type: app.bsky.feed.post, URI: at://did:plc:liqa5jzb42hdrksxdo36qitn/app.bsky.feed.post/3ltjjzfhqxj2m
2025-07-22 08:35:32.767  2522-5592  TimelineCrawlerWorker   com.testapp.bluesky_api_test         D  Empty post content. Post type: app.bsky.feed.post, URI: at://did:plc:liqa5jzb42hdrksxdo36qitn/app.bsky.feed.post/3ltjgtfoa2u24
2025-07-22 08:35:32.794  2522-5592  TimelineCrawlerWorker   com.testapp.bluesky_api_test         D  Empty post content. Post type: app.bsky.feed.post, URI: at://did:plc:liqa5jzb42hdrksxdo36qitn/app.bsky.feed.post/3ltjdnloek526
2025-07-22 08:35:32.814  2522-5592  TimelineCrawlerWorker   com.testapp.bluesky_api_test         D  Empty post content. Post type: app.bsky.feed.post, URI: at://did:plc:liqa5jzb42hdrksxdo36qitn/app.bsky.feed.post/3ltjdnkooxg2n
2025-07-22 08:35:32.828  2522-5592  TimelineCrawlerWorker   com.testapp.bluesky_api_test         D  Empty post content. Post type: app.bsky.feed.post, URI: at://did:plc:liqa5jzb42hdrksxdo36qitn/app.bsky.feed.post/3ltjdnjc65i2o
2025-07-22 08:35:32.850  2522-5592  TimelineCrawlerWorker   com.testapp.bluesky_api_test         D  Skipping repost: at://did:plc:mezohccz6q2lvatzegioj7x7/app.bsky.feed.post/3ltj6ifotp22s
2025-07-22 08:35:32.884  2522-5592  TimelineCrawlerWorker   com.testapp.bluesky_api_test         D  Skipping repost: at://did:plc:xadchjnbtfe27igf5nwfz6a3/app.bsky.feed.post/3ltixxllg5s2c
2025-07-22 08:35:32.884  2522-5592  TimelineCrawlerWorker   com.testapp.bluesky_api_test         D  Empty post content. Post type: app.bsky.feed.post, URI: at://did:plc:liqa5jzb42hdrksxdo36qitn/app.bsky.feed.post/3ltjahkqikm2m
2025-07-22 08:35:32.902  2522-5592  TimelineCrawlerWorker   com.testapp.bluesky_api_test         D  Empty post content. Post type: app.bsky.feed.post, URI: at://did:plc:liqa5jzb42hdrksxdo36qitn/app.bsky.feed.post/3ltj5bpqisu23
2025-07-22 08:35:32.910  2522-5592  TimelineCrawlerWorker   com.testapp.bluesky_api_test         D  Empty post content. Post type: app.bsky.feed.post, URI: at://did:plc:liqa5jzb42hdrksxdo36qitn/app.bsky.feed.post/3ltj5bnu52q24
2025-07-22 08:35:32.957  2522-5592  TimelineCrawlerWorker   com.testapp.bluesky_api_test         D  Empty post content. Post type: app.bsky.feed.post, URI: at://did:plc:liqa5jzb42hdrksxdo36qitn/app.bsky.feed.post/3ltj5bm2yxs2j
2025-07-22 08:35:32.961  2522-5592  TimelineCrawlerWorker   com.testapp.bluesky_api_test         D  Empty post content. Post type: app.bsky.feed.post, URI: at://did:plc:liqa5jzb42hdrksxdo36qitn/app.bsky.feed.post/3ltj23tt7gs2c
2025-07-22 08:35:32.968  2522-5592  TimelineCrawlerWorker   com.testapp.bluesky_api_test         D  Empty post content. Post type: app.bsky.feed.post, URI: at://did:plc:liqa5jzb42hdrksxdo36qitn/app.bsky.feed.post/3ltj23shjy22c
2025-07-22 08:35:32.975  2522-5592  TimelineCrawlerWorker   com.testapp.bluesky_api_test         D  Empty post content. Post type: app.bsky.feed.post, URI: at://did:plc:liqa5jzb42hdrksxdo36qitn/app.bsky.feed.post/3ltj23qiifz2l
2025-07-22 08:35:33.017  2522-5592  TimelineCrawlerWorker   com.testapp.bluesky_api_test         D  Empty post content. Post type: app.bsky.feed.post, URI: at://did:plc:liqa5jzb42hdrksxdo36qitn/app.bsky.feed.post/3ltiwvsnz3e2n
2025-07-22 08:35:33.030  2522-5592  TimelineCrawlerWorker   com.testapp.bluesky_api_test         D  Empty post content. Post type: app.bsky.feed.post, URI: at://did:plc:liqa5jzb42hdrksxdo36qitn/app.bsky.feed.post/3ltiwvqzu3y2n
2025-07-22 08:35:33.071  2522-5592  TimelineCrawlerWorker   com.testapp.bluesky_api_test         D  Skipping repost: at://did:plc:lom6zfigfezrpzgdmxmwrf7y/app.bsky.feed.post/3lthd3nmnyk25
2025-07-22 08:35:33.072  2522-5592  TimelineCrawlerWorker   com.testapp.bluesky_api_test         D  Empty post content. Post type: app.bsky.feed.post, URI: at://did:plc:liqa5jzb42hdrksxdo36qitn/app.bsky.feed.post/3ltitpvebtf26
2025-07-22 08:35:33.088  2522-5592  TimelineCrawlerWorker   com.testapp.bluesky_api_test         D  Empty post content. Post type: app.bsky.feed.post, URI: at://did:plc:liqa5jzb42hdrksxdo36qitn/app.bsky.feed.post/3ltitptjxks24
2025-07-22 08:35:33.101  2522-5592  TimelineCrawlerWorker   com.testapp.bluesky_api_test         D  Empty post content. Post type: app.bsky.feed.post, URI: at://did:plc:liqa5jzb42hdrksxdo36qitn/app.bsky.feed.post/3ltiqjzr3ty23
2025-07-22 08:35:33.117  2522-5592  TimelineCrawlerWorker   com.testapp.bluesky_api_test         D  Empty post content. Post type: app.bsky.feed.post, URI: at://did:plc:liqa5jzb42hdrksxdo36qitn/app.bsky.feed.post/3ltiqjxysw224
2025-07-22 08:35:33.150  2522-5592  TimelineCrawlerWorker   com.testapp.bluesky_api_test         D  Empty post content. Post type: app.bsky.feed.post, URI: at://did:plc:liqa5jzb42hdrksxdo36qitn/app.bsky.feed.post/3ltiqjw5dmw2m
2025-07-22 08:35:33.184  2522-5592  TimelineCrawlerWorker   com.testapp.bluesky_api_test         D  Empty post content. Post type: app.bsky.feed.post, URI: at://did:plc:liqa5jzb42hdrksxdo36qitn/app.bsky.feed.post/3ltine3sdvb2g
2025-07-22 08:35:33.192  2522-5592  TimelineCrawlerWorker   com.testapp.bluesky_api_test         D  Empty post content. Post type: app.bsky.feed.post, URI: at://did:plc:liqa5jzb42hdrksxdo36qitn/app.bsky.feed.post/3ltine2hgtr2g
2025-07-22 08:35:33.205  2522-5592  TimelineCrawlerWorker   com.testapp.bluesky_api_test         D  Skipping repost: at://did:plc:qjeavhlw222ppsre4rscd3n2/app.bsky.feed.post/3ltg56tgt222d
2025-07-22 08:35:33.206  2522-5592  TimelineCrawlerWorker   com.testapp.bluesky_api_test         D  Empty post content. Post type: app.bsky.feed.post, URI: at://did:plc:liqa5jzb42hdrksxdo36qitn/app.bsky.feed.post/3ltik63j3um2c
2025-07-22 08:35:33.230  2522-5592  TimelineCrawlerWorker   com.testapp.bluesky_api_test         D  Empty post content. Post type: app.bsky.feed.post, URI: at://did:plc:liqa5jzb42hdrksxdo36qitn/app.bsky.feed.post/3ltik5zljdr2g
2025-07-22 08:35:33.265  2522-5592  TimelineCrawlerWorker   com.testapp.bluesky_api_test         D  Empty post content. Post type: app.bsky.feed.post, URI: at://did:plc:liqa5jzb42hdrksxdo36qitn/app.bsky.feed.post/3ltigy7mg3b24
2025-07-22 08:35:33.281  2522-5592  TimelineCrawlerWorker   com.testapp.bluesky_api_test         D  Empty post content. Post type: app.bsky.feed.post, URI: at://did:plc:liqa5jzb42hdrksxdo36qitn/app.bsky.feed.post/3ltigy5wco22l
2025-07-22 08:35:33.305  2522-5592  TimelineCrawlerWorker   com.testapp.bluesky_api_test         D  Empty post content. Post type: app.bsky.feed.post, URI: at://did:plc:liqa5jzb42hdrksxdo36qitn/app.bsky.feed.post/3ltidsehwqb2m
2025-07-22 08:35:33.344  2522-5592  TimelineCrawlerWorker   com.testapp.bluesky_api_test         D  Empty post content. Post type: app.bsky.feed.post, URI: at://did:plc:liqa5jzb42hdrksxdo36qitn/app.bsky.feed.post/3ltidsd5tz42l
2025-07-22 08:35:33.352  2522-5592  TimelineCrawlerWorker   com.testapp.bluesky_api_test         D  Empty post content. Post type: app.bsky.feed.post, URI: at://did:plc:liqa5jzb42hdrksxdo36qitn/app.bsky.feed.post/3ltidsbxlgg2n
2025-07-22 08:35:33.436  2522-5592  TimelineCrawlerWorker   com.testapp.bluesky_api_test         D  Skipping repost: at://did:plc:2gx2noukxzwmj6dkxbmh3qt5/app.bsky.feed.post/3ltgekmp3rc2d
2025-07-22 08:35:33.475  2522-5592  TimelineCrawlerWorker   com.testapp.bluesky_api_test         D  Empty post content. Post type: app.bsky.feed.post, URI: at://did:plc:liqa5jzb42hdrksxdo36qitn/app.bsky.feed.post/3lthnipzo3q2l
2025-07-22 08:35:33.513  2522-5592  TimelineCrawlerWorker   com.testapp.bluesky_api_test         D  Skipping repost: at://did:plc:g2p3bnbzcvcbohfpvjxfazqv/app.bsky.feed.post/3ltfhvoaxmc2x
2025-07-22 08:35:33.540  2522-5592  TimelineCrawlerWorker   com.testapp.bluesky_api_test         D  Empty post content. Post type: app.bsky.feed.post, URI: at://did:plc:liqa5jzb42hdrksxdo36qitn/app.bsky.feed.post/3lthkdyzkpi2m
2025-07-22 08:35:33.573  2522-5592  TimelineCrawlerWorker   com.testapp.bluesky_api_test         D  Empty post content. Post type: app.bsky.feed.post, URI: at://did:plc:liqa5jzb42hdrksxdo36qitn/app.bsky.feed.post/3lthkdvzbmx2o
2025-07-22 08:35:33.617  2522-5592  TimelineCrawlerWorker   com.testapp.bluesky_api_test         D  Empty post content. Post type: app.bsky.feed.post, URI: at://did:plc:liqa5jzb42hdrksxdo36qitn/app.bsky.feed.post/3lthh5u6mno26
2025-07-22 08:35:33.656  2522-2529  luesky_api_test         com.testapp.bluesky_api_test         I  Background concurrent mark compact GC freed 18MB AllocSpace bytes, 10(3116KB) LOS objects, 49% free, 13MB/27MB, paused 29.313ms,11.716ms total 1.461s
2025-07-22 08:35:33.677  2522-5592  TimelineCrawlerWorker   com.testapp.bluesky_api_test         D  Empty post content. Post type: app.bsky.feed.post, URI: at://did:plc:liqa5jzb42hdrksxdo36qitn/app.bsky.feed.post/3lthdx5zdjh24
2025-07-22 08:35:33.685  2522-5592  TimelineCrawlerWorker   com.testapp.bluesky_api_test         D  Empty post content. Post type: app.bsky.feed.post, URI: at://did:plc:liqa5jzb42hdrksxdo36qitn/app.bsky.feed.post/3lthdx3nthr2l
2025-07-22 08:35:33.697  2522-5592  TimelineCrawlerWorker   com.testapp.bluesky_api_test         D  Empty post content. Post type: app.bsky.feed.post, URI: at://did:plc:liqa5jzb42hdrksxdo36qitn/app.bsky.feed.post/3lthdwzphfb2n
2025-07-22 08:35:33.701  2522-5592  TimelineCrawlerWorker   com.testapp.bluesky_api_test         D  Empty post content. Post type: app.bsky.feed.post, URI: at://did:plc:liqa5jzb42hdrksxdo36qitn/app.bsky.feed.post/3lthar5ctv626
2025-07-22 08:35:33.703  2522-5592  TimelineCrawlerWorker   com.testapp.bluesky_api_test         D  Empty post content. Post type: app.bsky.feed.post, URI: at://did:plc:liqa5jzb42hdrksxdo36qitn/app.bsky.feed.post/3lthar3jwik2j
2025-07-22 08:35:33.738  2522-5592  TimelineCrawlerWorker   com.testapp.bluesky_api_test         D  Empty post content. Post type: app.bsky.feed.post, URI: at://did:plc:liqa5jzb42hdrksxdo36qitn/app.bsky.feed.post/3lth5mcgugt26
2025-07-22 08:35:33.752  2522-5592  TimelineCrawlerWorker   com.testapp.bluesky_api_test         D  Empty post content. Post type: app.bsky.feed.post, URI: at://did:plc:liqa5jzb42hdrksxdo36qitn/app.bsky.feed.post/3lth5m5qd2u24
2025-07-22 08:35:33.771  2522-5592  TimelineCrawlerWorker   com.testapp.bluesky_api_test         D  Empty post content. Post type: app.bsky.feed.post, URI: at://did:plc:liqa5jzb42hdrksxdo36qitn/app.bsky.feed.post/3lth5lyz5bn26
2025-07-22 08:35:33.778  2522-5592  TimelineCrawlerWorker   com.testapp.bluesky_api_test         D  Empty post content. Post type: app.bsky.feed.post, URI: at://did:plc:liqa5jzb42hdrksxdo36qitn/app.bsky.feed.post/3lth2gkse3p2l
2025-07-22 08:35:33.785  2522-5592  TimelineCrawlerWorker   com.testapp.bluesky_api_test         D  Empty post content. Post type: app.bsky.feed.post, URI: at://did:plc:liqa5jzb42hdrksxdo36qitn/app.bsky.feed.post/3lth2givoqh24
2025-07-22 08:35:33.797  2522-5592  TimelineCrawlerWorker   com.testapp.bluesky_api_test         D  Empty post content. Post type: app.bsky.feed.post, URI: at://did:plc:liqa5jzb42hdrksxdo36qitn/app.bsky.feed.post/3lth2gha3uc2o
2025-07-22 08:35:33.813  2522-5592  TimelineCrawlerWorker   com.testapp.bluesky_api_test         D  Empty post content. Post type: app.bsky.feed.post, URI: at://did:plc:liqa5jzb42hdrksxdo36qitn/app.bsky.feed.post/3ltgx7hm7yv24
2025-07-22 08:35:33.821  2522-5592  TimelineCrawlerWorker   com.testapp.bluesky_api_test         D  Empty post content. Post type: app.bsky.feed.post, URI: at://did:plc:liqa5jzb42hdrksxdo36qitn/app.bsky.feed.post/3ltgx7gdnbm2m
2025-07-22 08:35:33.838  2522-5592  TimelineCrawlerWorker   com.testapp.bluesky_api_test         D  Empty post content. Post type: app.bsky.feed.post, URI: at://did:plc:liqa5jzb42hdrksxdo36qitn/app.bsky.feed.post/3ltgx7ekagf2g
2025-07-22 08:35:33.846  2522-5592  TimelineCrawlerWorker   com.testapp.bluesky_api_test         D  Empty post content. Post type: app.bsky.feed.post, URI: at://did:plc:liqa5jzb42hdrksxdo36qitn/app.bsky.feed.post/3ltgu2jl7eq26
2025-07-22 08:35:33.858  2522-5592  TimelineCrawlerWorker   com.testapp.bluesky_api_test         D  Empty post content. Post type: app.bsky.feed.post, URI: at://did:plc:liqa5jzb42hdrksxdo36qitn/app.bsky.feed.post/3ltgu2h4rjl2l
2025-07-22 08:35:33.867  2522-5592  TimelineCrawlerWorker   com.testapp.bluesky_api_test         D  Empty post content. Post type: app.bsky.feed.post, URI: at://did:plc:liqa5jzb42hdrksxdo36qitn/app.bsky.feed.post/3ltgu2cauaj24
2025-07-22 08:35:33.876  2522-5592  TimelineCrawlerWorker   com.testapp.bluesky_api_test         D  Empty post content. Post type: app.bsky.feed.post, URI: at://did:plc:liqa5jzb42hdrksxdo36qitn/app.bsky.feed.post/3ltgqul3qzx24
2025-07-22 08:35:33.902  2522-5592  TimelineCrawlerWorker   com.testapp.bluesky_api_test         D  Empty post content. Post type: app.bsky.feed.post, URI: at://did:plc:liqa5jzb42hdrksxdo36qitn/app.bsky.feed.post/3ltgquh7ihx24
2025-07-22 08:35:33.909  2522-5592  TimelineCrawlerWorker   com.testapp.bluesky_api_test         D  Empty post content. Post type: app.bsky.feed.post, URI: at://did:plc:liqa5jzb42hdrksxdo36qitn/app.bsky.feed.post/3ltgquclf6v2n
2025-07-22 08:35:34.793  2522-5592  TimelineCrawlerWorker   com.testapp.bluesky_api_test         D  Empty post content. Post type: app.bsky.feed.post, URI: at://did:plc:liqa5jzb42hdrksxdo36qitn/app.bsky.feed.post/3ltekr42q5i23
2025-07-22 08:35:34.830  2522-5592  TimelineCrawlerWorker   com.testapp.bluesky_api_test         D  Empty post content. Post type: app.bsky.feed.post, URI: at://did:plc:liqa5jzb42hdrksxdo36qitn/app.bsky.feed.post/3ltehm4ym2l2r
2025-07-22 08:35:34.912  2522-2522  luesky_api_test         com.testapp.bluesky_api_test         I  AssetManager2(0x7b7a05f96698) locale list changing from [] to [en-US]
2025-07-22 08:35:34.914  2522-5592  TimelineCrawlerWorker   com.testapp.bluesky_api_test         D  Empty post content. Post type: app.bsky.feed.post, URI: at://did:plc:liqa5jzb42hdrksxdo36qitn/app.bsky.feed.post/3lteefduq732y
2025-07-22 08:35:34.974  2522-5592  TimelineCrawlerWorker   com.testapp.bluesky_api_test         D  Empty post content. Post type: app.bsky.feed.post, URI: at://did:plc:liqa5jzb42hdrksxdo36qitn/app.bsky.feed.post/3lteefbs5mm2g
2025-07-22 08:35:35.035  2522-5592  TimelineCrawlerWorker   com.testapp.bluesky_api_test         D  Empty post content. Post type: app.bsky.feed.post, URI: at://did:plc:liqa5jzb42hdrksxdo36qitn/app.bsky.feed.post/3lteb7eh7ws2h
2025-07-22 08:35:35.151  2522-5592  TimelineCrawlerWorker   com.testapp.bluesky_api_test         D  Empty post content. Post type: app.bsky.feed.post, URI: at://did:plc:liqa5jzb42hdrksxdo36qitn/app.bsky.feed.post/3lte5zkgpmi2e
2025-07-22 08:35:35.153  2522-5592  TimelineCrawlerWorker   com.testapp.bluesky_api_test         D  Empty post content. Post type: app.bsky.feed.post, URI: at://did:plc:liqa5jzb42hdrksxdo36qitn/app.bsky.feed.post/3lte5zii3fe2r
2025-07-22 08:35:35.162  2522-5592  TimelineCrawlerWorker   com.testapp.bluesky_api_test         D  Empty post content. Post type: app.bsky.feed.post, URI: at://did:plc:liqa5jzb42hdrksxdo36qitn/app.bsky.feed.post/3lte5zgmg472o
2025-07-22 08:35:35.170  2522-5592  TimelineCrawlerWorker   com.testapp.bluesky_api_test         D  Empty post content. Post type: app.bsky.feed.post, URI: at://did:plc:liqa5jzb42hdrksxdo36qitn/app.bsky.feed.post/3lte2ukeck223
2025-07-22 08:35:35.189  2522-5592  TimelineCrawlerWorker   com.testapp.bluesky_api_test         D  Empty post content. Post type: app.bsky.feed.post, URI: at://did:plc:liqa5jzb42hdrksxdo36qitn/app.bsky.feed.post/3ltdxnl5snr2g
2025-07-22 08:35:35.197  2522-5592  TimelineCrawlerWorker   com.testapp.bluesky_api_test         D  Empty post content. Post type: app.bsky.feed.post, URI: at://did:plc:liqa5jzb42hdrksxdo36qitn/app.bsky.feed.post/3ltdxnjuwyh2s
2025-07-22 08:35:35.205  2522-5592  TimelineCrawlerWorker   com.testapp.bluesky_api_test         D  Empty post content. Post type: app.bsky.feed.post, URI: at://did:plc:liqa5jzb42hdrksxdo36qitn/app.bsky.feed.post/3ltduho3drv2o
2025-07-22 08:35:35.207  2522-5592  TimelineCrawlerWorker   com.testapp.bluesky_api_test         D  Empty post content. Post type: app.bsky.feed.post, URI: at://did:plc:liqa5jzb42hdrksxdo36qitn/app.bsky.feed.post/3ltduhmd4xf2h
2025-07-22 08:35:35.212  2522-5592  TimelineCrawlerWorker   com.testapp.bluesky_api_test         D  Empty post content. Post type: app.bsky.feed.post, URI: at://did:plc:liqa5jzb42hdrksxdo36qitn/app.bsky.feed.post/3ltdrctbdez2v
2025-07-22 08:35:35.222  2522-5592  TimelineCrawlerWorker   com.testapp.bluesky_api_test         D  Empty post content. Post type: app.bsky.feed.post, URI: at://did:plc:liqa5jzb42hdrksxdo36qitn/app.bsky.feed.post/3ltdo4xycun23
2025-07-22 08:35:35.225  2522-5592  TimelineCrawlerWorker   com.testapp.bluesky_api_test         D  Empty post content. Post type: app.bsky.feed.post, URI: at://did:plc:liqa5jzb42hdrksxdo36qitn/app.bsky.feed.post/3ltdo4w4moy25
2025-07-22 08:35:35.244  2522-5592  TimelineCrawlerWorker   com.testapp.bluesky_api_test         D  Empty post content. Post type: app.bsky.feed.post, URI: at://did:plc:liqa5jzb42hdrksxdo36qitn/app.bsky.feed.post/3ltdkvvuqed2o
2025-07-22 08:35:35.262  2522-2522  HWUI                    com.testapp.bluesky_api_test         W  Image decoding logging dropped!
2025-07-22 08:35:35.306  2522-5592  TimelineCrawlerWorker   com.testapp.bluesky_api_test         D  Empty post content. Post type: app.bsky.feed.post, URI: at://did:plc:liqa5jzb42hdrksxdo36qitn/app.bsky.feed.post/3ltdkvu2wlm2y
2025-07-22 08:35:35.332  2522-2522  GroupViewModel          com.testapp.bluesky_api_test         D  ViewModel created.
2025-07-22 08:35:35.365  2522-5592  TimelineCrawlerWorker   com.testapp.bluesky_api_test         D  Empty post content. Post type: app.bsky.feed.post, URI: at://did:plc:liqa5jzb42hdrksxdo36qitn/app.bsky.feed.post/3ltdhr2sn762v
2025-07-22 08:35:35.366  2522-5592  TimelineCrawlerWorker   com.testapp.bluesky_api_test         D  Empty post content. Post type: app.bsky.feed.post, URI: at://did:plc:liqa5jzb42hdrksxdo36qitn/app.bsky.feed.post/3ltdejz7yk52z
2025-07-22 08:35:35.389  2522-5592  TimelineCrawlerWorker   com.testapp.bluesky_api_test         D  Empty post content. Post type: app.bsky.feed.post, URI: at://did:plc:liqa5jzb42hdrksxdo36qitn/app.bsky.feed.post/3ltcoakayud23
2025-07-22 08:35:35.409  2522-5592  TimelineCrawlerWorker   com.testapp.bluesky_api_test         D  Empty post content. Post type: app.bsky.feed.post, URI: at://did:plc:liqa5jzb42hdrksxdo36qitn/app.bsky.feed.post/3ltchvo5fwv23
2025-07-22 08:35:35.429  2522-5592  TimelineCrawlerWorker   com.testapp.bluesky_api_test         D  Empty post content. Post type: app.bsky.feed.post, URI: at://did:plc:liqa5jzb42hdrksxdo36qitn/app.bsky.feed.post/3ltcbiva6gk2o
2025-07-22 08:35:35.445  2522-5592  TimelineCrawlerWorker   com.testapp.bluesky_api_test         D  Empty post content. Post type: app.bsky.feed.post, URI: at://did:plc:liqa5jzb42hdrksxdo36qitn/app.bsky.feed.post/3ltcbit4brz2r
2025-07-22 08:35:35.465  2522-5592  TimelineCrawlerWorker   com.testapp.bluesky_api_test         D  Empty post content. Post type: app.bsky.feed.post, URI: at://did:plc:liqa5jzb42hdrksxdo36qitn/app.bsky.feed.post/3ltc6d23rmq2h
2025-07-22 08:35:35.482  2522-5592  TimelineCrawlerWorker   com.testapp.bluesky_api_test         D  Empty post content. Post type: app.bsky.feed.post, URI: at://did:plc:liqa5jzb42hdrksxdo36qitn/app.bsky.feed.post/3ltc6cy2hn62e
2025-07-22 08:35:35.585  2522-5592  TimelineCrawlerWorker   com.testapp.bluesky_api_test         D  Empty post content. Post type: app.bsky.feed.post, URI: at://did:plc:liqa5jzb42hdrksxdo36qitn/app.bsky.feed.post/3ltc352mzz42r
2025-07-22 08:35:35.596  2522-5592  TimelineCrawlerWorker   com.testapp.bluesky_api_test         D  Empty post content. Post type: app.bsky.feed.post, URI: at://did:plc:liqa5jzb42hdrksxdo36qitn/app.bsky.feed.post/3ltc34yqs2t2o
2025-07-22 08:35:35.624  2522-5592  TimelineCrawlerWorker   com.testapp.bluesky_api_test         D  Empty post content. Post type: app.bsky.feed.post, URI: at://did:plc:liqa5jzb42hdrksxdo36qitn/app.bsky.feed.post/3ltbxx4akgx2g
2025-07-22 08:35:35.650  2522-5592  TimelineCrawlerWorker   com.testapp.bluesky_api_test         D  Empty post content. Post type: app.bsky.feed.post, URI: at://did:plc:liqa5jzb42hdrksxdo36qitn/app.bsky.feed.post/3ltbur6q42v2y
2025-07-22 08:35:35.676  2522-5592  TimelineCrawlerWorker   com.testapp.bluesky_api_test         D  Empty post content. Post type: app.bsky.feed.post, URI: at://did:plc:liqa5jzb42hdrksxdo36qitn/app.bsky.feed.post/3ltbrmeiooy2v
2025-07-22 08:35:35.684  2522-2522  GroupEntityRepository   com.testapp.bluesky_api_test         D  Fetching all groups from database.
2025-07-22 08:35:35.721  2522-2522  GroupViewModel          com.testapp.bluesky_api_test         D  getAllGroups() called.
2025-07-22 08:35:35.733  2522-2522  GroupViewModel          com.testapp.bluesky_api_test         D  Refreshing groups data.
2025-07-22 08:35:35.734  2522-2522  GroupEntityRepository   com.testapp.bluesky_api_test         D  Fetching all groups from database.
2025-07-22 08:35:35.774  2522-5592  TimelineCrawlerWorker   com.testapp.bluesky_api_test         D  Empty post content. Post type: app.bsky.feed.post, URI: at://did:plc:liqa5jzb42hdrksxdo36qitn/app.bsky.feed.post/3ltbogbkicj2y
2025-07-22 08:35:35.976  2522-5592  TimelineCrawlerWorker   com.testapp.bluesky_api_test         D  Empty post content. Post type: app.bsky.feed.post, URI: at://did:plc:liqa5jzb42hdrksxdo36qitn/app.bsky.feed.post/3ltbl7hcuil2z
2025-07-22 08:35:36.102  2522-5592  TimelineCrawlerWorker   com.testapp.bluesky_api_test         D  Empty post content. Post type: app.bsky.feed.post, URI: at://did:plc:liqa5jzb42hdrksxdo36qitn/app.bsky.feed.post/3ltbl7fgzf62o
2025-07-22 08:35:36.187  2522-5592  TimelineCrawlerWorker   com.testapp.bluesky_api_test         D  Empty post content. Post type: app.bsky.feed.post, URI: at://did:plc:liqa5jzb42hdrksxdo36qitn/app.bsky.feed.post/3ltbi2k3gwj23
2025-07-22 08:35:36.232  2522-2522  GroupFragment           com.testapp.bluesky_api_test         D  Groups updated. Size: 0
2025-07-22 08:35:36.338  2522-5592  TimelineCrawlerWorker   com.testapp.bluesky_api_test         D  Empty post content. Post type: app.bsky.feed.post, URI: at://did:plc:liqa5jzb42hdrksxdo36qitn/app.bsky.feed.post/3ltbetloj3t2k
2025-07-22 08:35:36.431  2522-5592  TimelineCrawlerWorker   com.testapp.bluesky_api_test         D  Empty post content. Post type: app.bsky.feed.post, URI: at://did:plc:liqa5jzb42hdrksxdo36qitn/app.bsky.feed.post/3ltbetjt6cz2v
2025-07-22 08:35:36.462  2522-5592  TimelineCrawlerWorker   com.testapp.bluesky_api_test         D  Empty post content. Post type: app.bsky.feed.post, URI: at://did:plc:liqa5jzb42hdrksxdo36qitn/app.bsky.feed.post/3ltb6iugmvo2h
2025-07-22 08:35:36.510  2522-5592  TimelineCrawlerWorker   com.testapp.bluesky_api_test         D  Empty post content. Post type: app.bsky.feed.post, URI: at://did:plc:liqa5jzb42hdrksxdo36qitn/app.bsky.feed.post/3ltb6isg67k23
2025-07-22 08:35:36.516  2522-5592  TimelineCrawlerWorker   com.testapp.bluesky_api_test         D  Empty post content. Post type: app.bsky.feed.post, URI: at://did:plc:liqa5jzb42hdrksxdo36qitn/app.bsky.feed.post/3ltb3cugqts2g
2025-07-22 08:35:36.531  2522-5592  TimelineCrawlerWorker   com.testapp.bluesky_api_test         D  Empty post content. Post type: app.bsky.feed.post, URI: at://did:plc:liqa5jzb42hdrksxdo36qitn/app.bsky.feed.post/3ltb3cqvimo25
2025-07-22 08:35:36.550  2522-5572  AuthorRepository        com.testapp.bluesky_api_test         D  Author already exists: matsuu.bsky.social or 
2025-07-22 08:35:36.554  2522-5592  TimelineCrawlerWorker   com.testapp.bluesky_api_test         D  Empty post content. Post type: app.bsky.feed.post, URI: at://did:plc:liqa5jzb42hdrksxdo36qitn/app.bsky.feed.post/3ltay3wc7gh2k
2025-07-22 08:35:36.567  2522-5592  TimelineCrawlerWorker   com.testapp.bluesky_api_test         D  Empty post content. Post type: app.bsky.feed.post, URI: at://did:plc:liqa5jzb42hdrksxdo36qitn/app.bsky.feed.post/3ltay3u3nbp2v
2025-07-22 08:35:36.576  2522-5592  TimelineCrawlerWorker   com.testapp.bluesky_api_test         D  Empty post content. Post type: app.bsky.feed.post, URI: at://did:plc:liqa5jzb42hdrksxdo36qitn/app.bsky.feed.post/3ltauvzjkhq2r
2025-07-22 08:35:36.641  2522-5592  TimelineCrawlerWorker   com.testapp.bluesky_api_test         D  Empty post content. Post type: app.bsky.feed.post, URI: at://did:plc:liqa5jzb42hdrksxdo36qitn/app.bsky.feed.post/3ltauvxtpon2g
2025-07-22 08:35:36.658  2522-5592  TimelineCrawlerWorker   com.testapp.bluesky_api_test         D  Empty post content. Post type: app.bsky.feed.post, URI: at://did:plc:liqa5jzb42hdrksxdo36qitn/app.bsky.feed.post/3ltarpzfkfs2o
2025-07-22 08:35:36.688  2522-2522  InsetsController        com.testapp.bluesky_api_test         D  hide(ime(), fromIme=false)
2025-07-22 08:35:36.688  2522-2522  ImeTracker              com.testapp.bluesky_api_test         I  com.testapp.bluesky_api_test:d0a941a0: onCancelled at PHASE_CLIENT_ALREADY_HIDDEN
2025-07-22 08:35:36.877  2522-5592  TimelineCrawlerWorker   com.testapp.bluesky_api_test         D  Empty post content. Post type: app.bsky.feed.post, URI: at://did:plc:liqa5jzb42hdrksxdo36qitn/app.bsky.feed.post/3lt7ybjwlaq2h
2025-07-22 08:35:36.908  2522-5592  TimelineCrawlerWorker   com.testapp.bluesky_api_test         D  Empty post content. Post type: app.bsky.feed.post, URI: at://did:plc:liqa5jzb42hdrksxdo36qitn/app.bsky.feed.post/3lt7v2opyim2h
2025-07-22 08:35:36.960  2522-5592  TimelineCrawlerWorker   com.testapp.bluesky_api_test         D  Empty post content. Post type: app.bsky.feed.post, URI: at://did:plc:liqa5jzb42hdrksxdo36qitn/app.bsky.feed.post/3lt7rvrpnrx25
2025-07-22 08:35:36.980  2522-5592  TimelineCrawlerWorker   com.testapp.bluesky_api_test         D  Empty post content. Post type: app.bsky.feed.post, URI: at://did:plc:liqa5jzb42hdrksxdo36qitn/app.bsky.feed.post/3lt7rvmyz4a2z
2025-07-22 08:35:36.986  2522-5592  TimelineCrawlerWorker   com.testapp.bluesky_api_test         D  Empty post content. Post type: app.bsky.feed.post, URI: at://did:plc:liqa5jzb42hdrksxdo36qitn/app.bsky.feed.post/3lt7oov6p2f2k
2025-07-22 08:35:37.004  2522-5592  TimelineCrawlerWorker   com.testapp.bluesky_api_test         D  Empty post content. Post type: app.bsky.feed.post, URI: at://did:plc:liqa5jzb42hdrksxdo36qitn/app.bsky.feed.post/3lt7ootdlh52k
2025-07-22 08:35:37.017  2522-5592  TimelineCrawlerWorker   com.testapp.bluesky_api_test         D  Empty post content. Post type: app.bsky.feed.post, URI: at://did:plc:liqa5jzb42hdrksxdo36qitn/app.bsky.feed.post/3lt7liydezl2h
2025-07-22 08:35:37.034  2522-5592  TimelineCrawlerWorker   com.testapp.bluesky_api_test         D  Empty post content. Post type: app.bsky.feed.post, URI: at://did:plc:liqa5jzb42hdrksxdo36qitn/app.bsky.feed.post/3lt7liwmrpv2k
2025-07-22 08:35:37.056  2522-5592  TimelineCrawlerWorker   com.testapp.bluesky_api_test         D  Empty post content. Post type: app.bsky.feed.post, URI: at://did:plc:liqa5jzb42hdrksxdo36qitn/app.bsky.feed.post/3lt7bx6l4lt2z
2025-07-22 08:35:37.086  2522-5592  TimelineCrawlerWorker   com.testapp.bluesky_api_test         D  Empty post content. Post type: app.bsky.feed.post, URI: at://did:plc:liqa5jzb42hdrksxdo36qitn/app.bsky.feed.post/3lt7bx5cjkx2h
2025-07-22 08:35:37.121  2522-5592  TimelineCrawlerWorker   com.testapp.bluesky_api_test         D  Empty post content. Post type: app.bsky.feed.post, URI: at://did:plc:liqa5jzb42hdrksxdo36qitn/app.bsky.feed.post/3lt76rcg2br2s
2025-07-22 08:35:37.143  2522-5592  TimelineCrawlerWorker   com.testapp.bluesky_api_test         D  Empty post content. Post type: app.bsky.feed.post, URI: at://did:plc:liqa5jzb42hdrksxdo36qitn/app.bsky.feed.post/3lt73mg74um2k
2025-07-22 08:35:37.158  2522-2522  VRI[MainActivity]       com.testapp.bluesky_api_test         D  visibilityChanged oldVisibility=true newVisibility=false
2025-07-22 08:35:37.217  2522-5572  AuthorRepository        com.testapp.bluesky_api_test         D  Author already exists: baldanders.info or 
2025-07-22 08:35:37.225  2522-5592  TimelineCrawlerWorker   com.testapp.bluesky_api_test         D  Empty post content. Post type: app.bsky.feed.post, URI: at://did:plc:liqa5jzb42hdrksxdo36qitn/app.bsky.feed.post/3lt73mbrh7x2z
2025-07-22 08:35:37.296  2522-5592  TimelineCrawlerWorker   com.testapp.bluesky_api_test         D  Empty post content. Post type: app.bsky.feed.post, URI: at://did:plc:liqa5jzb42hdrksxdo36qitn/app.bsky.feed.post/3lt6yfekkon25
2025-07-22 08:35:37.338  2522-5592  TimelineCrawlerWorker   com.testapp.bluesky_api_test         D  Empty post content. Post type: app.bsky.feed.post, URI: at://did:plc:liqa5jzb42hdrksxdo36qitn/app.bsky.feed.post/3lt6v7i5kru2r
2025-07-22 08:35:37.350  2522-5592  TimelineCrawlerWorker   com.testapp.bluesky_api_test         D  Empty post content. Post type: app.bsky.feed.post, URI: at://did:plc:liqa5jzb42hdrksxdo36qitn/app.bsky.feed.post/3lt6v7ghd4u2k
2025-07-22 08:35:37.377  2522-5592  TimelineCrawlerWorker   com.testapp.bluesky_api_test         D  Empty post content. Post type: app.bsky.feed.post, URI: at://did:plc:liqa5jzb42hdrksxdo36qitn/app.bsky.feed.post/3lt6rzkrmnl2e
2025-07-22 08:35:37.435  2522-5592  TimelineCrawlerWorker   com.testapp.bluesky_api_test         D  Empty post content. Post type: app.bsky.feed.post, URI: at://did:plc:liqa5jzb42hdrksxdo36qitn/app.bsky.feed.post/3lt6otnhzoe2k
2025-07-22 08:35:37.470  2522-5592  TimelineCrawlerWorker   com.testapp.bluesky_api_test         D  Empty post content. Post type: app.bsky.feed.post, URI: at://did:plc:liqa5jzb42hdrksxdo36qitn/app.bsky.feed.post/3lt6otlprfr2z
2025-07-22 08:35:37.508  2522-5592  TimelineCrawlerWorker   com.testapp.bluesky_api_test         D  Empty post content. Post type: app.bsky.feed.post, URI: at://did:plc:liqa5jzb42hdrksxdo36qitn/app.bsky.feed.post/3lt6lnor3je2r
2025-07-22 08:35:37.517  2522-5592  TimelineCrawlerWorker   com.testapp.bluesky_api_test         D  Empty post content. Post type: app.bsky.feed.post, URI: at://did:plc:liqa5jzb42hdrksxdo36qitn/app.bsky.feed.post/3lt6ihprid525
2025-07-22 08:35:37.556  2522-5592  TimelineCrawlerWorker   com.testapp.bluesky_api_test         D  Empty post content. Post type: app.bsky.feed.post, URI: at://did:plc:liqa5jzb42hdrksxdo36qitn/app.bsky.feed.post/3lt6fbuuk6k2k
2025-07-22 08:35:37.581  2522-5592  TimelineCrawlerWorker   com.testapp.bluesky_api_test         D  Empty post content. Post type: app.bsky.feed.post, URI: at://did:plc:liqa5jzb42hdrksxdo36qitn/app.bsky.feed.post/3lt6fbtkhik23
2025-07-22 08:35:37.637  2522-5592  TimelineCrawlerWorker   com.testapp.bluesky_api_test         D  Skipping repost: at://did:plc:hgsd4yfe4kglfcjnjmirrzst/app.bsky.feed.post/3lsm5ahk63k2d
2025-07-22 08:35:37.667  2522-5592  TimelineCrawlerWorker   com.testapp.bluesky_api_test         D  Empty post content. Post type: app.bsky.feed.post, URI: at://did:plc:liqa5jzb42hdrksxdo36qitn/app.bsky.feed.post/3lt5imj7rkb2y
